it-builder/2016/index.html?post_type=news.html.bak
it-builder/2017/index.html?post_type=news.html.bak
it-builder/2018/index.html?post_type=news.html.bak
it-builder/2019/index.html?post_type=news.html.bak
it-builder/2020/index.html?post_type=news.html.bak
it-builder/2022/index.html?post_type=news.html.bak
it-builder/2023/index.html?post_type=news.html.bak
it-builder/2024/index.html?post_type=news.html.bak
it-builder/_orphans/p-10.html.bak
it-builder/_orphans/p-11.html.bak
it-builder/_orphans/p-12.html.bak
it-builder/_orphans/p-13.html.bak
it-builder/_orphans/p-192.html.bak
it-builder/_orphans/p-193.html.bak
it-builder/_orphans/p-194.html.bak
it-builder/_orphans/p-195.html.bak
it-builder/_orphans/p-198.html.bak
it-builder/_orphans/p-250.html.bak
it-builder/_orphans/p-330.html.bak
it-builder/_orphans/p-39.html.bak
it-builder/_orphans/p-4339.html.bak
it-builder/_orphans/p-564.html.bak
it-builder/_orphans/p-621.html.bak
it-builder/_orphans/p-8.html.bak
it-builder/_orphans/p-9.html.bak
it-builder/about/advanced_case/index.html.bak
it-builder/about/data/index.html.bak
it-builder/about/how_to_make/index.html.bak
it-builder/about/index.html.bak
it-builder/about/parts/index.html.bak
it-builder/about/reason/index.html.bak
it-builder/about/requirements/index.html.bak
it-builder/case/case0001164/index-from-root-p1164.html.bak
it-builder/case/case0001164/index.html.bak
it-builder/case/case0001171/index-from-root-p1171.html.bak
it-builder/case/case0001171/index.html.bak
it-builder/case/case0001174/index-from-root-p1174.html.bak
it-builder/case/case0001174/index.html.bak
it-builder/case/case0001178/index-from-root-p1178.html.bak
it-builder/case/case0001178/index.html.bak
it-builder/case/case0001181/index-from-root-p1181.html.bak
it-builder/case/case0001181/index.html.bak
it-builder/case/case0001187/index-from-root-p1187.html.bak
it-builder/case/case0001187/index.html.bak
it-builder/case/case0001190/index-from-root-p1190.html.bak
it-builder/case/case0001190/index.html.bak
it-builder/case/case0001193/index-from-root-p1193.html.bak
it-builder/case/case0001193/index.html.bak
it-builder/case/case0001196/index-from-root-p1196.html.bak
it-builder/case/case0001196/index.html.bak
it-builder/case/case0001202/index-from-root-p1202.html.bak
it-builder/case/case0001202/index.html.bak
it-builder/case/case0001205/index-from-root-p1205.html.bak
it-builder/case/case0001205/index.html.bak
it-builder/case/case0001208/index-from-root-p1208.html.bak
it-builder/case/case0001208/index.html.bak
it-builder/case/case0001211/index-from-root-p1211.html.bak
it-builder/case/case0001211/index.html.bak
it-builder/case/case0001217/index-from-root-p1217.html.bak
it-builder/case/case0001217/index.html.bak
it-builder/case/case0001220/index-from-root-p1220.html.bak
it-builder/case/case0001220/index.html.bak
it-builder/case/case0001223/index-from-root-p1223.html.bak
it-builder/case/case0001223/index.html.bak
it-builder/case/case0001226/index-from-root-p1226.html.bak
it-builder/case/case0001226/index.html.bak
it-builder/case/case0001232/index-from-root-p1232.html.bak
it-builder/case/case0001232/index.html.bak
it-builder/case/case0001235/index-from-root-p1235.html.bak
it-builder/case/case0001235/index.html.bak
it-builder/case/case0001238/index-from-root-p1238.html.bak
it-builder/case/case0001238/index.html.bak
it-builder/case/case0001244/index-from-root-p1244.html.bak
it-builder/case/case0001244/index.html.bak
it-builder/case/case0001247/index-from-root-p1247.html.bak
it-builder/case/case0001247/index.html.bak
it-builder/case/case0001250/index-from-root-p1250.html.bak
it-builder/case/case0001250/index.html.bak
it-builder/case/case0001253/index-from-root-p1253.html.bak
it-builder/case/case0001253/index.html.bak
it-builder/case/case0001256/index-from-root-p1256.html.bak
it-builder/case/case0001256/index.html.bak
it-builder/case/case0001259/index-from-root-p1259.html.bak
it-builder/case/case0001259/index.html.bak
it-builder/case/index.html.bak
it-builder/case0001241/index-from-root-p1241.html.bak
it-builder/case0001241/index.html.bak
it-builder/faq/index.html.bak
it-builder/includes/footer.html.bak
it-builder/includes/header.html.bak
it-builder/includes/sprite.html.bak
it-builder/index.html.bak
it-builder/installation/index.html.bak
it-builder/installation/meisin/index.html.bak
it-builder/join/index.html.bak
it-builder/news/feed/index.html.bak
it-builder/news/index.html.bak
it-builder/news/news0002436/index-from-root-p2436.html.bak
it-builder/news/news0002436/index.html.bak
it-builder/news/news0002440/index-from-root-p2440.html.bak
it-builder/news/news0002440/index.html.bak
it-builder/news/news0002443/index-from-root-p2443.html.bak
it-builder/news/news0002443/index.html.bak
it-builder/news/news0002446/index-from-root-p2446.html.bak
it-builder/news/news0002446/index.html.bak
it-builder/news/news0002449/index-from-root-p2449.html.bak
it-builder/news/news0002449/index.html.bak
it-builder/news/news0002452/index-from-root-p2452.html.bak
it-builder/news/news0002452/index.html.bak
it-builder/news/news0002456/index-from-root-p2456.html.bak
it-builder/news/news0002456/index.html.bak
it-builder/news/news0002459/index-from-root-p2459.html.bak
it-builder/news/news0002459/index.html.bak
it-builder/news/news0002462/index-from-root-p2462.html.bak
it-builder/news/news0002462/index.html.bak
it-builder/news/news0002465/index-from-root-p2465.html.bak
it-builder/news/news0002465/index.html.bak
it-builder/news/news0002475/index-from-root-p2475.html.bak
it-builder/news/news0002475/index.html.bak
it-builder/news/news0003124/index-from-root-p3124.html.bak
it-builder/news/news0003124/index.html.bak
it-builder/news/news0003138/index-from-root-p3138.html.bak
it-builder/news/news0003138/index.html.bak
it-builder/news/news0003305/index-from-root-p3305.html.bak
it-builder/news/news0003305/index.html.bak
it-builder/news/news0003337/index-from-root-p3337.html.bak
it-builder/news/news0003337/index.html.bak
it-builder/news/news0003367/index-from-root-p3367.html.bak
it-builder/news/news0003367/index.html.bak
it-builder/news/news0003379/index-from-root-p3379.html.bak
it-builder/news/news0003379/index.html.bak
it-builder/news/news0003402/index-from-root-p3402.html.bak
it-builder/news/news0003402/index.html.bak
it-builder/news/news0003409/index-from-root-p3409.html.bak
it-builder/news/news0003409/index.html.bak
it-builder/news/news0003417/index-from-root-p3417.html.bak
it-builder/news/news0003417/index.html.bak
it-builder/news/news0003465/index-from-root-p3465.html.bak
it-builder/news/news0003465/index.html.bak
it-builder/news/news0003497/index-from-root-p3497.html.bak
it-builder/news/news0003497/index.html.bak
it-builder/news/news0003515/index-from-root-p3515.html.bak
it-builder/news/news0003515/index.html.bak
it-builder/news/news0003523/index-from-root-p3523.html.bak
it-builder/news/news0003523/index.html.bak
it-builder/news/news0003535/index-from-root-p3535.html.bak
it-builder/news/news0003535/index.html.bak
it-builder/news/news0003566/index-from-root-p3566.html.bak
it-builder/news/news0003566/index.html.bak
it-builder/news/news0003588/index-from-root-p3588.html.bak
it-builder/news/news0003588/index.html.bak
it-builder/news/news0003604/index-from-root-p3604.html.bak
it-builder/news/news0003604/index.html.bak
it-builder/news/news0003625/index-from-root-p3625.html.bak
it-builder/news/news0003625/index.html.bak
it-builder/news/news0003704/index-from-root-p3704.html.bak
it-builder/news/news0003704/index.html.bak
it-builder/news/news0003978/index-from-root-p3978.html.bak
it-builder/news/news0003978/index.html.bak
it-builder/news/news0004074/index-from-root-p4074.html.bak
it-builder/news/news0004074/index.html.bak
it-builder/news/news0004103/index-from-root-p4103.html.bak
it-builder/news/news0004103/index.html.bak
it-builder/news/news0004167/index-from-root-p4167.html.bak
it-builder/news/news0004167/index.html.bak
it-builder/news/news0004203/index-from-root-p4203.html.bak
it-builder/news/news0004203/index.html.bak
it-builder/news/news0004266/index-from-root-p4266.html.bak
it-builder/news/news0004266/index.html.bak
it-builder/news/news0004327/index.html.bak
it-builder/price/index.html.bak
it-builder/sample-page/feed/index.html.bak
it-builder/sitemap/index.html.bak
it-builder/sitepolicy/index.html.bak
it-builder/user/download/index.html.bak
it-builder/user/faq/index.html.bak
it-builder/user/index.html.bak
it-builder/wp-json/index.html.bak
