it-builder/_orphans/p-10.html.bak
it-builder/_orphans/p-11.html.bak
it-builder/_orphans/p-12.html.bak
it-builder/_orphans/p-13.html.bak
it-builder/_orphans/p-193.html.bak
it-builder/_orphans/p-194.html.bak
it-builder/_orphans/p-195.html.bak
it-builder/_orphans/p-198.html.bak
it-builder/_orphans/p-250.html.bak
it-builder/_orphans/p-330.html.bak
it-builder/_orphans/p-4339.html.bak
it-builder/_orphans/p-621.html.bak
it-builder/_orphans/p-8.html.bak
it-builder/_orphans/p-9.html.bak
it-builder/about/advanced_case/index.html.bak
it-builder/about/data/index.html.bak
it-builder/about/how_to_make/index.html.bak
it-builder/about/index.html.bak
it-builder/about/requirements/index.html.bak
it-builder/case/index.html.bak
it-builder/includes/footer.html.bak
it-builder/includes/header.html.bak
it-builder/index.html.bak
it-builder/installation/index.html.bak
it-builder/installation/meisin/index.html.bak
it-builder/join/index.html.bak
it-builder/news/news0002452/index-from-root-p2452.html.bak
it-builder/news/news0002452/index.html.bak
it-builder/news/news0003978/index-from-root-p3978.html.bak
it-builder/news/news0003978/index.html.bak
it-builder/news/news0004074/index-from-root-p4074.html.bak
it-builder/news/news0004074/index.html.bak
it-builder/news/news0004103/index-from-root-p4103.html.bak
it-builder/news/news0004103/index.html.bak
it-builder/price/index.html.bak
it-builder/sitemap/index.html.bak
it-builder/sitepolicy/index.html.bak
it-builder/user/download/index.html.bak
it-builder/user/index.html.bak
