force_replace	it-builder/index.html:26	/it-builder/wp-content/themes/itbuilder-theme/resource/css/common.css%3F=1.2.2.css	/it-builder/wp-content/themes/itbuilder-theme/resource/css/common.css
force_replace	it-builder/index.html:27	/it-builder/wp-content/themes/itbuilder-theme/resource/css/top.css%3F=1.0.1.css	/it-builder/wp-content/themes/itbuilder-theme/resource/css/top.css
force_replace	it-builder/index.html:28	/it-builder/wp-content/themes/itbuilder-theme/resource/css/print.css%3Fvar=0.1.css	/it-builder/wp-content/themes/itbuilder-theme/resource/css/print.css
strip_url	it-builder/index.html:878	https://www.youtube.com/embed/1en-XdtfA80?rel=0	
strip_url	it-builder/index.html:910	https://www.youtube.com/embed/WJ5HBYauscA?rel=0	
strip_url	it-builder/index.html:938	https://www.youtube.com/embed/VFx8fwCLBSo?rel=0	
strip_url	it-builder/index.html:969	https://www.youtube.com/embed/PHMGo6nR0j4?rel=0	
force_replace	it-builder/2022/index.html:32	/it-builder/wp-content/themes/itbuilder-theme/resource/css/common.css%3F=1.2.2.css	/it-builder/wp-content/themes/itbuilder-theme/resource/css/common.css
force_replace	it-builder/2022/index.html:33	/it-builder/wp-content/themes/itbuilder-theme/resource/css/print.css%3Fvar=0.1.css	/it-builder/wp-content/themes/itbuilder-theme/resource/css/print.css
force_replace	it-builder/2024/index.html:32	/it-builder/wp-content/themes/itbuilder-theme/resource/css/common.css%3F=1.2.2.css	/it-builder/wp-content/themes/itbuilder-theme/resource/css/common.css
force_replace	it-builder/2024/index.html:33	/it-builder/wp-content/themes/itbuilder-theme/resource/css/print.css%3Fvar=0.1.css	/it-builder/wp-content/themes/itbuilder-theme/resource/css/print.css
force_replace	it-builder/2023/index.html:32	/it-builder/wp-content/themes/itbuilder-theme/resource/css/common.css%3F=1.2.2.css	/it-builder/wp-content/themes/itbuilder-theme/resource/css/common.css
force_replace	it-builder/2023/index.html:33	/it-builder/wp-content/themes/itbuilder-theme/resource/css/print.css%3Fvar=0.1.css	/it-builder/wp-content/themes/itbuilder-theme/resource/css/print.css
force_replace	it-builder/case0001241/index.html:34	/it-builder/wp-content/themes/itbuilder-theme/resource/css/common.css%3F=1.2.2.css	/it-builder/wp-content/themes/itbuilder-theme/resource/css/common.css
force_replace	it-builder/case0001241/index.html:35	/it-builder/wp-content/themes/itbuilder-theme/resource/css/print.css%3Fvar=0.1.css	/it-builder/wp-content/themes/itbuilder-theme/resource/css/print.css
strip_url	it-builder/case0001241/index.html:59	https://info.it-builder.jp/app/portal/sampleAP?ID=07	
force_replace	it-builder/sitepolicy/index.html:35	/it-builder/wp-content/themes/itbuilder-theme/resource/css/common.css%3F=1.2.2.css	/it-builder/wp-content/themes/itbuilder-theme/resource/css/common.css
force_replace	it-builder/sitepolicy/index.html:36	/it-builder/wp-content/themes/itbuilder-theme/resource/css/print.css%3Fvar=0.1.css	/it-builder/wp-content/themes/itbuilder-theme/resource/css/print.css
force_replace	it-builder/join/index.html:35	/it-builder/wp-content/themes/itbuilder-theme/resource/css/common.css%3F=1.2.2.css	/it-builder/wp-content/themes/itbuilder-theme/resource/css/common.css
force_replace	it-builder/join/index.html:36	/it-builder/wp-content/themes/itbuilder-theme/resource/css/print.css%3Fvar=0.1.css	/it-builder/wp-content/themes/itbuilder-theme/resource/css/print.css
force_replace	it-builder/_orphans/p-10.html:35	/it-builder/wp-content/themes/itbuilder-theme/resource/css/common.css%3F=1.2.2.css	/it-builder/wp-content/themes/itbuilder-theme/resource/css/common.css
force_replace	it-builder/_orphans/p-10.html:36	/it-builder/wp-content/themes/itbuilder-theme/resource/css/print.css%3Fvar=0.1.css	/it-builder/wp-content/themes/itbuilder-theme/resource/css/print.css
strip_url	it-builder/_orphans/p-10.html:629	https://www.youtube.com/embed/1en-XdtfA80?rel=0	
strip_url	it-builder/_orphans/p-10.html:661	https://www.youtube.com/embed/WJ5HBYauscA?rel=0	
strip_url	it-builder/_orphans/p-10.html:689	https://www.youtube.com/embed/VFx8fwCLBSo?rel=0	
strip_url	it-builder/_orphans/p-10.html:720	https://www.youtube.com/embed/PHMGo6nR0j4?rel=0	
force_replace	it-builder/_orphans/p-11.html:35	/it-builder/wp-content/themes/itbuilder-theme/resource/css/common.css%3F=1.2.2.css	/it-builder/wp-content/themes/itbuilder-theme/resource/css/common.css
force_replace	it-builder/_orphans/p-11.html:36	/it-builder/wp-content/themes/itbuilder-theme/resource/css/print.css%3Fvar=0.1.css	/it-builder/wp-content/themes/itbuilder-theme/resource/css/print.css
force_replace	it-builder/_orphans/p-250.html:35	/it-builder/wp-content/themes/itbuilder-theme/resource/css/common.css%3F=1.2.2.css	/it-builder/wp-content/themes/itbuilder-theme/resource/css/common.css
force_replace	it-builder/_orphans/p-250.html:36	/it-builder/wp-content/themes/itbuilder-theme/resource/css/print.css%3Fvar=0.1.css	/it-builder/wp-content/themes/itbuilder-theme/resource/css/print.css
force_replace	it-builder/_orphans/p-9.html:35	/it-builder/wp-content/themes/itbuilder-theme/resource/css/common.css%3F=1.2.2.css	/it-builder/wp-content/themes/itbuilder-theme/resource/css/common.css
force_replace	it-builder/_orphans/p-9.html:36	/it-builder/wp-content/themes/itbuilder-theme/resource/css/print.css%3Fvar=0.1.css	/it-builder/wp-content/themes/itbuilder-theme/resource/css/print.css
force_replace	it-builder/_orphans/p-4339.html:35	/it-builder/wp-content/themes/itbuilder-theme/resource/css/common.css%3F=1.2.2.css	/it-builder/wp-content/themes/itbuilder-theme/resource/css/common.css
force_replace	it-builder/_orphans/p-4339.html:36	/it-builder/wp-content/themes/itbuilder-theme/resource/css/print.css%3Fvar=0.1.css	/it-builder/wp-content/themes/itbuilder-theme/resource/css/print.css
force_replace	it-builder/_orphans/p-621.html:35	/it-builder/wp-content/themes/itbuilder-theme/resource/css/common.css%3F=1.2.2.css	/it-builder/wp-content/themes/itbuilder-theme/resource/css/common.css
force_replace	it-builder/_orphans/p-621.html:36	/it-builder/wp-content/themes/itbuilder-theme/resource/css/print.css%3Fvar=0.1.css	/it-builder/wp-content/themes/itbuilder-theme/resource/css/print.css
force_replace	it-builder/_orphans/p-8.html:35	/it-builder/wp-content/themes/itbuilder-theme/resource/css/common.css%3F=1.2.2.css	/it-builder/wp-content/themes/itbuilder-theme/resource/css/common.css
force_replace	it-builder/_orphans/p-8.html:36	/it-builder/wp-content/themes/itbuilder-theme/resource/css/print.css%3Fvar=0.1.css	/it-builder/wp-content/themes/itbuilder-theme/resource/css/print.css
force_replace	it-builder/_orphans/p-194.html:35	/it-builder/wp-content/themes/itbuilder-theme/resource/css/common.css%3F=1.2.2.css	/it-builder/wp-content/themes/itbuilder-theme/resource/css/common.css
force_replace	it-builder/_orphans/p-194.html:36	/it-builder/wp-content/themes/itbuilder-theme/resource/css/print.css%3Fvar=0.1.css	/it-builder/wp-content/themes/itbuilder-theme/resource/css/print.css
force_replace	it-builder/_orphans/p-198.html:35	/it-builder/wp-content/themes/itbuilder-theme/resource/css/common.css%3F=1.2.2.css	/it-builder/wp-content/themes/itbuilder-theme/resource/css/common.css
force_replace	it-builder/_orphans/p-198.html:36	/it-builder/wp-content/themes/itbuilder-theme/resource/css/print.css%3Fvar=0.1.css	/it-builder/wp-content/themes/itbuilder-theme/resource/css/print.css
force_replace	it-builder/_orphans/p-195.html:35	/it-builder/wp-content/themes/itbuilder-theme/resource/css/common.css%3F=1.2.2.css	/it-builder/wp-content/themes/itbuilder-theme/resource/css/common.css
force_replace	it-builder/_orphans/p-195.html:36	/it-builder/wp-content/themes/itbuilder-theme/resource/css/print.css%3Fvar=0.1.css	/it-builder/wp-content/themes/itbuilder-theme/resource/css/print.css
force_replace	it-builder/_orphans/p-39.html:35	/it-builder/wp-content/themes/itbuilder-theme/resource/css/common.css%3F=1.2.2.css	/it-builder/wp-content/themes/itbuilder-theme/resource/css/common.css
force_replace	it-builder/_orphans/p-39.html:36	/it-builder/wp-content/themes/itbuilder-theme/resource/css/print.css%3Fvar=0.1.css	/it-builder/wp-content/themes/itbuilder-theme/resource/css/print.css
force_replace	it-builder/_orphans/p-12.html:35	/it-builder/wp-content/themes/itbuilder-theme/resource/css/common.css%3F=1.2.2.css	/it-builder/wp-content/themes/itbuilder-theme/resource/css/common.css
force_replace	it-builder/_orphans/p-12.html:36	/it-builder/wp-content/themes/itbuilder-theme/resource/css/print.css%3Fvar=0.1.css	/it-builder/wp-content/themes/itbuilder-theme/resource/css/print.css
force_replace	it-builder/_orphans/p-193.html:35	/it-builder/wp-content/themes/itbuilder-theme/resource/css/common.css%3F=1.2.2.css	/it-builder/wp-content/themes/itbuilder-theme/resource/css/common.css
force_replace	it-builder/_orphans/p-193.html:36	/it-builder/wp-content/themes/itbuilder-theme/resource/css/print.css%3Fvar=0.1.css	/it-builder/wp-content/themes/itbuilder-theme/resource/css/print.css
strip_url	it-builder/_orphans/p-193.html:137	https://www.youtube.com/embed/j_feKEqrGhY?rel=0	
force_replace	it-builder/_orphans/p-13.html:35	/it-builder/wp-content/themes/itbuilder-theme/resource/css/common.css%3F=1.2.2.css	/it-builder/wp-content/themes/itbuilder-theme/resource/css/common.css
force_replace	it-builder/_orphans/p-13.html:36	/it-builder/wp-content/themes/itbuilder-theme/resource/css/print.css%3Fvar=0.1.css	/it-builder/wp-content/themes/itbuilder-theme/resource/css/print.css
force_replace	it-builder/_orphans/p-330.html:35	/it-builder/wp-content/themes/itbuilder-theme/resource/css/common.css%3F=1.2.2.css	/it-builder/wp-content/themes/itbuilder-theme/resource/css/common.css
force_replace	it-builder/_orphans/p-330.html:36	/it-builder/wp-content/themes/itbuilder-theme/resource/css/print.css%3Fvar=0.1.css	/it-builder/wp-content/themes/itbuilder-theme/resource/css/print.css
force_replace	it-builder/faq/index.html:35	/it-builder/wp-content/themes/itbuilder-theme/resource/css/common.css%3F=1.2.2.css	/it-builder/wp-content/themes/itbuilder-theme/resource/css/common.css
force_replace	it-builder/faq/index.html:36	/it-builder/wp-content/themes/itbuilder-theme/resource/css/print.css%3Fvar=0.1.css	/it-builder/wp-content/themes/itbuilder-theme/resource/css/print.css
force_replace	it-builder/sitemap/index.html:35	/it-builder/wp-content/themes/itbuilder-theme/resource/css/common.css%3F=1.2.2.css	/it-builder/wp-content/themes/itbuilder-theme/resource/css/common.css
force_replace	it-builder/sitemap/index.html:36	/it-builder/wp-content/themes/itbuilder-theme/resource/css/print.css%3Fvar=0.1.css	/it-builder/wp-content/themes/itbuilder-theme/resource/css/print.css
force_replace	it-builder/user/index.html:35	/it-builder/wp-content/themes/itbuilder-theme/resource/css/common.css%3F=1.2.2.css	/it-builder/wp-content/themes/itbuilder-theme/resource/css/common.css
force_replace	it-builder/user/index.html:36	/it-builder/wp-content/themes/itbuilder-theme/resource/css/print.css%3Fvar=0.1.css	/it-builder/wp-content/themes/itbuilder-theme/resource/css/print.css
force_replace	it-builder/user/faq/index.html:35	/it-builder/wp-content/themes/itbuilder-theme/resource/css/common.css%3F=1.2.2.css	/it-builder/wp-content/themes/itbuilder-theme/resource/css/common.css
force_replace	it-builder/user/faq/index.html:36	/it-builder/wp-content/themes/itbuilder-theme/resource/css/print.css%3Fvar=0.1.css	/it-builder/wp-content/themes/itbuilder-theme/resource/css/print.css
force_replace	it-builder/user/download/index.html:35	/it-builder/wp-content/themes/itbuilder-theme/resource/css/common.css%3F=1.2.2.css	/it-builder/wp-content/themes/itbuilder-theme/resource/css/common.css
force_replace	it-builder/user/download/index.html:36	/it-builder/wp-content/themes/itbuilder-theme/resource/css/print.css%3Fvar=0.1.css	/it-builder/wp-content/themes/itbuilder-theme/resource/css/print.css
force_replace	it-builder/about/index.html:35	/it-builder/wp-content/themes/itbuilder-theme/resource/css/common.css%3F=1.2.2.css	/it-builder/wp-content/themes/itbuilder-theme/resource/css/common.css
force_replace	it-builder/about/index.html:36	/it-builder/wp-content/themes/itbuilder-theme/resource/css/print.css%3Fvar=0.1.css	/it-builder/wp-content/themes/itbuilder-theme/resource/css/print.css
strip_url	it-builder/about/index.html:629	https://www.youtube.com/embed/1en-XdtfA80?rel=0	
strip_url	it-builder/about/index.html:661	https://www.youtube.com/embed/WJ5HBYauscA?rel=0	
strip_url	it-builder/about/index.html:689	https://www.youtube.com/embed/VFx8fwCLBSo?rel=0	
strip_url	it-builder/about/index.html:720	https://www.youtube.com/embed/PHMGo6nR0j4?rel=0	
force_replace	it-builder/about/advanced_case/index.html:35	/it-builder/wp-content/themes/itbuilder-theme/resource/css/common.css%3F=1.2.2.css	/it-builder/wp-content/themes/itbuilder-theme/resource/css/common.css
force_replace	it-builder/about/advanced_case/index.html:36	/it-builder/wp-content/themes/itbuilder-theme/resource/css/print.css%3Fvar=0.1.css	/it-builder/wp-content/themes/itbuilder-theme/resource/css/print.css
force_replace	it-builder/about/requirements/index.html:35	/it-builder/wp-content/themes/itbuilder-theme/resource/css/common.css%3F=1.2.2.css	/it-builder/wp-content/themes/itbuilder-theme/resource/css/common.css
force_replace	it-builder/about/requirements/index.html:36	/it-builder/wp-content/themes/itbuilder-theme/resource/css/print.css%3Fvar=0.1.css	/it-builder/wp-content/themes/itbuilder-theme/resource/css/print.css
force_replace	it-builder/about/how_to_make/index.html:35	/it-builder/wp-content/themes/itbuilder-theme/resource/css/common.css%3F=1.2.2.css	/it-builder/wp-content/themes/itbuilder-theme/resource/css/common.css
force_replace	it-builder/about/how_to_make/index.html:36	/it-builder/wp-content/themes/itbuilder-theme/resource/css/print.css%3Fvar=0.1.css	/it-builder/wp-content/themes/itbuilder-theme/resource/css/print.css
strip_url	it-builder/about/how_to_make/index.html:137	https://www.youtube.com/embed/j_feKEqrGhY?rel=0	
force_replace	it-builder/about/data/index.html:35	/it-builder/wp-content/themes/itbuilder-theme/resource/css/common.css%3F=1.2.2.css	/it-builder/wp-content/themes/itbuilder-theme/resource/css/common.css
force_replace	it-builder/about/data/index.html:36	/it-builder/wp-content/themes/itbuilder-theme/resource/css/print.css%3Fvar=0.1.css	/it-builder/wp-content/themes/itbuilder-theme/resource/css/print.css
force_replace	it-builder/installation/index.html:35	/it-builder/wp-content/themes/itbuilder-theme/resource/css/common.css%3F=1.2.2.css	/it-builder/wp-content/themes/itbuilder-theme/resource/css/common.css
force_replace	it-builder/installation/index.html:36	/it-builder/wp-content/themes/itbuilder-theme/resource/css/print.css%3Fvar=0.1.css	/it-builder/wp-content/themes/itbuilder-theme/resource/css/print.css
force_replace	it-builder/installation/meisin/index.html:35	/it-builder/wp-content/themes/itbuilder-theme/resource/css/common.css%3F=1.2.2.css	/it-builder/wp-content/themes/itbuilder-theme/resource/css/common.css
force_replace	it-builder/installation/meisin/index.html:36	/it-builder/wp-content/themes/itbuilder-theme/resource/css/print.css%3Fvar=0.1.css	/it-builder/wp-content/themes/itbuilder-theme/resource/css/print.css
force_replace	it-builder/2017/index.html:32	/it-builder/wp-content/themes/itbuilder-theme/resource/css/common.css%3F=1.2.2.css	/it-builder/wp-content/themes/itbuilder-theme/resource/css/common.css
force_replace	it-builder/2017/index.html:33	/it-builder/wp-content/themes/itbuilder-theme/resource/css/print.css%3Fvar=0.1.css	/it-builder/wp-content/themes/itbuilder-theme/resource/css/print.css
force_replace	it-builder/2019/index.html:32	/it-builder/wp-content/themes/itbuilder-theme/resource/css/common.css%3F=1.2.2.css	/it-builder/wp-content/themes/itbuilder-theme/resource/css/common.css
force_replace	it-builder/2019/index.html:33	/it-builder/wp-content/themes/itbuilder-theme/resource/css/print.css%3Fvar=0.1.css	/it-builder/wp-content/themes/itbuilder-theme/resource/css/print.css
force_replace	it-builder/2020/index.html:32	/it-builder/wp-content/themes/itbuilder-theme/resource/css/common.css%3F=1.2.2.css	/it-builder/wp-content/themes/itbuilder-theme/resource/css/common.css
force_replace	it-builder/2020/index.html:33	/it-builder/wp-content/themes/itbuilder-theme/resource/css/print.css%3Fvar=0.1.css	/it-builder/wp-content/themes/itbuilder-theme/resource/css/print.css
force_replace	it-builder/2018/index.html:32	/it-builder/wp-content/themes/itbuilder-theme/resource/css/common.css%3F=1.2.2.css	/it-builder/wp-content/themes/itbuilder-theme/resource/css/common.css
force_replace	it-builder/2018/index.html:33	/it-builder/wp-content/themes/itbuilder-theme/resource/css/print.css%3Fvar=0.1.css	/it-builder/wp-content/themes/itbuilder-theme/resource/css/print.css
force_replace	it-builder/price/index.html:35	/it-builder/wp-content/themes/itbuilder-theme/resource/css/common.css%3F=1.2.2.css	/it-builder/wp-content/themes/itbuilder-theme/resource/css/common.css
force_replace	it-builder/price/index.html:36	/it-builder/wp-content/themes/itbuilder-theme/resource/css/print.css%3Fvar=0.1.css	/it-builder/wp-content/themes/itbuilder-theme/resource/css/print.css
force_replace	it-builder/2016/index.html:32	/it-builder/wp-content/themes/itbuilder-theme/resource/css/common.css%3F=1.2.2.css	/it-builder/wp-content/themes/itbuilder-theme/resource/css/common.css
force_replace	it-builder/2016/index.html:33	/it-builder/wp-content/themes/itbuilder-theme/resource/css/print.css%3Fvar=0.1.css	/it-builder/wp-content/themes/itbuilder-theme/resource/css/print.css
force_replace	it-builder/news/index.html:32	/it-builder/wp-content/themes/itbuilder-theme/resource/css/common.css%3F=1.2.2.css	/it-builder/wp-content/themes/itbuilder-theme/resource/css/common.css
force_replace	it-builder/news/index.html:33	/it-builder/wp-content/themes/itbuilder-theme/resource/css/print.css%3Fvar=0.1.css	/it-builder/wp-content/themes/itbuilder-theme/resource/css/print.css
force_replace	it-builder/news/news0003465/index.html:34	/it-builder/wp-content/themes/itbuilder-theme/resource/css/common.css%3F=1.2.2.css	/it-builder/wp-content/themes/itbuilder-theme/resource/css/common.css
force_replace	it-builder/news/news0003465/index.html:35	/it-builder/wp-content/themes/itbuilder-theme/resource/css/print.css%3Fvar=0.1.css	/it-builder/wp-content/themes/itbuilder-theme/resource/css/print.css
force_replace	it-builder/news/news0003465/index-from-root-p3465.html:34	/it-builder/wp-content/themes/itbuilder-theme/resource/css/common.css%3F=1.2.2.css	/it-builder/wp-content/themes/itbuilder-theme/resource/css/common.css
force_replace	it-builder/news/news0003465/index-from-root-p3465.html:35	/it-builder/wp-content/themes/itbuilder-theme/resource/css/print.css%3Fvar=0.1.css	/it-builder/wp-content/themes/itbuilder-theme/resource/css/print.css
force_replace	it-builder/news/news0003409/index.html:34	/it-builder/wp-content/themes/itbuilder-theme/resource/css/common.css%3F=1.2.2.css	/it-builder/wp-content/themes/itbuilder-theme/resource/css/common.css
force_replace	it-builder/news/news0003409/index.html:35	/it-builder/wp-content/themes/itbuilder-theme/resource/css/print.css%3Fvar=0.1.css	/it-builder/wp-content/themes/itbuilder-theme/resource/css/print.css
force_replace	it-builder/news/news0003409/index-from-root-p3409.html:34	/it-builder/wp-content/themes/itbuilder-theme/resource/css/common.css%3F=1.2.2.css	/it-builder/wp-content/themes/itbuilder-theme/resource/css/common.css
force_replace	it-builder/news/news0003409/index-from-root-p3409.html:35	/it-builder/wp-content/themes/itbuilder-theme/resource/css/print.css%3Fvar=0.1.css	/it-builder/wp-content/themes/itbuilder-theme/resource/css/print.css
force_replace	it-builder/news/news0003604/index.html:34	/it-builder/wp-content/themes/itbuilder-theme/resource/css/common.css%3F=1.2.2.css	/it-builder/wp-content/themes/itbuilder-theme/resource/css/common.css
force_replace	it-builder/news/news0003604/index.html:35	/it-builder/wp-content/themes/itbuilder-theme/resource/css/print.css%3Fvar=0.1.css	/it-builder/wp-content/themes/itbuilder-theme/resource/css/print.css
force_replace	it-builder/news/news0003604/index-from-root-p3604.html:34	/it-builder/wp-content/themes/itbuilder-theme/resource/css/common.css%3F=1.2.2.css	/it-builder/wp-content/themes/itbuilder-theme/resource/css/common.css
force_replace	it-builder/news/news0003604/index-from-root-p3604.html:35	/it-builder/wp-content/themes/itbuilder-theme/resource/css/print.css%3Fvar=0.1.css	/it-builder/wp-content/themes/itbuilder-theme/resource/css/print.css
force_replace	it-builder/news/news0004074/index.html:34	/it-builder/wp-content/themes/itbuilder-theme/resource/css/common.css%3F=1.2.2.css	/it-builder/wp-content/themes/itbuilder-theme/resource/css/common.css
force_replace	it-builder/news/news0004074/index.html:35	/it-builder/wp-content/themes/itbuilder-theme/resource/css/print.css%3Fvar=0.1.css	/it-builder/wp-content/themes/itbuilder-theme/resource/css/print.css
force_replace	it-builder/news/news0004074/index-from-root-p4074.html:34	/it-builder/wp-content/themes/itbuilder-theme/resource/css/common.css%3F=1.2.2.css	/it-builder/wp-content/themes/itbuilder-theme/resource/css/common.css
force_replace	it-builder/news/news0004074/index-from-root-p4074.html:35	/it-builder/wp-content/themes/itbuilder-theme/resource/css/print.css%3Fvar=0.1.css	/it-builder/wp-content/themes/itbuilder-theme/resource/css/print.css
force_replace	it-builder/news/news0003497/index.html:34	/it-builder/wp-content/themes/itbuilder-theme/resource/css/common.css%3F=1.2.2.css	/it-builder/wp-content/themes/itbuilder-theme/resource/css/common.css
force_replace	it-builder/news/news0003497/index.html:35	/it-builder/wp-content/themes/itbuilder-theme/resource/css/print.css%3Fvar=0.1.css	/it-builder/wp-content/themes/itbuilder-theme/resource/css/print.css
force_replace	it-builder/news/news0003497/index-from-root-p3497.html:34	/it-builder/wp-content/themes/itbuilder-theme/resource/css/common.css%3F=1.2.2.css	/it-builder/wp-content/themes/itbuilder-theme/resource/css/common.css
force_replace	it-builder/news/news0003497/index-from-root-p3497.html:35	/it-builder/wp-content/themes/itbuilder-theme/resource/css/print.css%3Fvar=0.1.css	/it-builder/wp-content/themes/itbuilder-theme/resource/css/print.css
force_replace	it-builder/news/news0002452/index.html:34	/it-builder/wp-content/themes/itbuilder-theme/resource/css/common.css%3F=1.2.2.css	/it-builder/wp-content/themes/itbuilder-theme/resource/css/common.css
force_replace	it-builder/news/news0002452/index.html:35	/it-builder/wp-content/themes/itbuilder-theme/resource/css/print.css%3Fvar=0.1.css	/it-builder/wp-content/themes/itbuilder-theme/resource/css/print.css
force_replace	it-builder/news/news0002452/index-from-root-p2452.html:34	/it-builder/wp-content/themes/itbuilder-theme/resource/css/common.css%3F=1.2.2.css	/it-builder/wp-content/themes/itbuilder-theme/resource/css/common.css
force_replace	it-builder/news/news0002452/index-from-root-p2452.html:35	/it-builder/wp-content/themes/itbuilder-theme/resource/css/print.css%3Fvar=0.1.css	/it-builder/wp-content/themes/itbuilder-theme/resource/css/print.css
force_replace	it-builder/news/news0003978/index.html:34	/it-builder/wp-content/themes/itbuilder-theme/resource/css/common.css%3F=1.2.2.css	/it-builder/wp-content/themes/itbuilder-theme/resource/css/common.css
force_replace	it-builder/news/news0003978/index.html:35	/it-builder/wp-content/themes/itbuilder-theme/resource/css/print.css%3Fvar=0.1.css	/it-builder/wp-content/themes/itbuilder-theme/resource/css/print.css
force_replace	it-builder/news/news0003978/index-from-root-p3978.html:34	/it-builder/wp-content/themes/itbuilder-theme/resource/css/common.css%3F=1.2.2.css	/it-builder/wp-content/themes/itbuilder-theme/resource/css/common.css
force_replace	it-builder/news/news0003978/index-from-root-p3978.html:35	/it-builder/wp-content/themes/itbuilder-theme/resource/css/print.css%3Fvar=0.1.css	/it-builder/wp-content/themes/itbuilder-theme/resource/css/print.css
force_replace	it-builder/news/news0002462/index.html:34	/it-builder/wp-content/themes/itbuilder-theme/resource/css/common.css%3F=1.2.2.css	/it-builder/wp-content/themes/itbuilder-theme/resource/css/common.css
force_replace	it-builder/news/news0002462/index.html:35	/it-builder/wp-content/themes/itbuilder-theme/resource/css/print.css%3Fvar=0.1.css	/it-builder/wp-content/themes/itbuilder-theme/resource/css/print.css
force_replace	it-builder/news/news0002462/index-from-root-p2462.html:34	/it-builder/wp-content/themes/itbuilder-theme/resource/css/common.css%3F=1.2.2.css	/it-builder/wp-content/themes/itbuilder-theme/resource/css/common.css
force_replace	it-builder/news/news0002462/index-from-root-p2462.html:35	/it-builder/wp-content/themes/itbuilder-theme/resource/css/print.css%3Fvar=0.1.css	/it-builder/wp-content/themes/itbuilder-theme/resource/css/print.css
force_replace	it-builder/news/news0002465/index.html:34	/it-builder/wp-content/themes/itbuilder-theme/resource/css/common.css%3F=1.2.2.css	/it-builder/wp-content/themes/itbuilder-theme/resource/css/common.css
force_replace	it-builder/news/news0002465/index.html:35	/it-builder/wp-content/themes/itbuilder-theme/resource/css/print.css%3Fvar=0.1.css	/it-builder/wp-content/themes/itbuilder-theme/resource/css/print.css
force_replace	it-builder/news/news0002465/index-from-root-p2465.html:34	/it-builder/wp-content/themes/itbuilder-theme/resource/css/common.css%3F=1.2.2.css	/it-builder/wp-content/themes/itbuilder-theme/resource/css/common.css
force_replace	it-builder/news/news0002465/index-from-root-p2465.html:35	/it-builder/wp-content/themes/itbuilder-theme/resource/css/print.css%3Fvar=0.1.css	/it-builder/wp-content/themes/itbuilder-theme/resource/css/print.css
force_replace	it-builder/news/news0003588/index.html:34	/it-builder/wp-content/themes/itbuilder-theme/resource/css/common.css%3F=1.2.2.css	/it-builder/wp-content/themes/itbuilder-theme/resource/css/common.css
force_replace	it-builder/news/news0003588/index.html:35	/it-builder/wp-content/themes/itbuilder-theme/resource/css/print.css%3Fvar=0.1.css	/it-builder/wp-content/themes/itbuilder-theme/resource/css/print.css
force_replace	it-builder/news/news0003588/index-from-root-p3588.html:34	/it-builder/wp-content/themes/itbuilder-theme/resource/css/common.css%3F=1.2.2.css	/it-builder/wp-content/themes/itbuilder-theme/resource/css/common.css
force_replace	it-builder/news/news0003588/index-from-root-p3588.html:35	/it-builder/wp-content/themes/itbuilder-theme/resource/css/print.css%3Fvar=0.1.css	/it-builder/wp-content/themes/itbuilder-theme/resource/css/print.css
force_replace	it-builder/news/news0003379/index.html:34	/it-builder/wp-content/themes/itbuilder-theme/resource/css/common.css%3F=1.2.2.css	/it-builder/wp-content/themes/itbuilder-theme/resource/css/common.css
force_replace	it-builder/news/news0003379/index.html:35	/it-builder/wp-content/themes/itbuilder-theme/resource/css/print.css%3Fvar=0.1.css	/it-builder/wp-content/themes/itbuilder-theme/resource/css/print.css
force_replace	it-builder/news/news0003379/index-from-root-p3379.html:34	/it-builder/wp-content/themes/itbuilder-theme/resource/css/common.css%3F=1.2.2.css	/it-builder/wp-content/themes/itbuilder-theme/resource/css/common.css
force_replace	it-builder/news/news0003379/index-from-root-p3379.html:35	/it-builder/wp-content/themes/itbuilder-theme/resource/css/print.css%3Fvar=0.1.css	/it-builder/wp-content/themes/itbuilder-theme/resource/css/print.css
force_replace	it-builder/news/news0002436/index.html:34	/it-builder/wp-content/themes/itbuilder-theme/resource/css/common.css%3F=1.2.2.css	/it-builder/wp-content/themes/itbuilder-theme/resource/css/common.css
force_replace	it-builder/news/news0002436/index.html:35	/it-builder/wp-content/themes/itbuilder-theme/resource/css/print.css%3Fvar=0.1.css	/it-builder/wp-content/themes/itbuilder-theme/resource/css/print.css
force_replace	it-builder/news/news0002436/index-from-root-p2436.html:34	/it-builder/wp-content/themes/itbuilder-theme/resource/css/common.css%3F=1.2.2.css	/it-builder/wp-content/themes/itbuilder-theme/resource/css/common.css
force_replace	it-builder/news/news0002436/index-from-root-p2436.html:35	/it-builder/wp-content/themes/itbuilder-theme/resource/css/print.css%3Fvar=0.1.css	/it-builder/wp-content/themes/itbuilder-theme/resource/css/print.css
force_replace	it-builder/news/news0003535/index.html:34	/it-builder/wp-content/themes/itbuilder-theme/resource/css/common.css%3F=1.2.2.css	/it-builder/wp-content/themes/itbuilder-theme/resource/css/common.css
force_replace	it-builder/news/news0003535/index.html:35	/it-builder/wp-content/themes/itbuilder-theme/resource/css/print.css%3Fvar=0.1.css	/it-builder/wp-content/themes/itbuilder-theme/resource/css/print.css
force_replace	it-builder/news/news0003535/index-from-root-p3535.html:34	/it-builder/wp-content/themes/itbuilder-theme/resource/css/common.css%3F=1.2.2.css	/it-builder/wp-content/themes/itbuilder-theme/resource/css/common.css
force_replace	it-builder/news/news0003535/index-from-root-p3535.html:35	/it-builder/wp-content/themes/itbuilder-theme/resource/css/print.css%3Fvar=0.1.css	/it-builder/wp-content/themes/itbuilder-theme/resource/css/print.css
force_replace	it-builder/news/news0003337/index.html:34	/it-builder/wp-content/themes/itbuilder-theme/resource/css/common.css%3F=1.2.2.css	/it-builder/wp-content/themes/itbuilder-theme/resource/css/common.css
force_replace	it-builder/news/news0003337/index.html:35	/it-builder/wp-content/themes/itbuilder-theme/resource/css/print.css%3Fvar=0.1.css	/it-builder/wp-content/themes/itbuilder-theme/resource/css/print.css
force_replace	it-builder/news/news0003337/index-from-root-p3337.html:34	/it-builder/wp-content/themes/itbuilder-theme/resource/css/common.css%3F=1.2.2.css	/it-builder/wp-content/themes/itbuilder-theme/resource/css/common.css
force_replace	it-builder/news/news0003337/index-from-root-p3337.html:35	/it-builder/wp-content/themes/itbuilder-theme/resource/css/print.css%3Fvar=0.1.css	/it-builder/wp-content/themes/itbuilder-theme/resource/css/print.css
force_replace	it-builder/news/news0002440/index.html:34	/it-builder/wp-content/themes/itbuilder-theme/resource/css/common.css%3F=1.2.2.css	/it-builder/wp-content/themes/itbuilder-theme/resource/css/common.css
force_replace	it-builder/news/news0002440/index.html:35	/it-builder/wp-content/themes/itbuilder-theme/resource/css/print.css%3Fvar=0.1.css	/it-builder/wp-content/themes/itbuilder-theme/resource/css/print.css
force_replace	it-builder/news/news0002440/index-from-root-p2440.html:34	/it-builder/wp-content/themes/itbuilder-theme/resource/css/common.css%3F=1.2.2.css	/it-builder/wp-content/themes/itbuilder-theme/resource/css/common.css
force_replace	it-builder/news/news0002440/index-from-root-p2440.html:35	/it-builder/wp-content/themes/itbuilder-theme/resource/css/print.css%3Fvar=0.1.css	/it-builder/wp-content/themes/itbuilder-theme/resource/css/print.css
force_replace	it-builder/news/news0003566/index.html:34	/it-builder/wp-content/themes/itbuilder-theme/resource/css/common.css%3F=1.2.2.css	/it-builder/wp-content/themes/itbuilder-theme/resource/css/common.css
force_replace	it-builder/news/news0003566/index.html:35	/it-builder/wp-content/themes/itbuilder-theme/resource/css/print.css%3Fvar=0.1.css	/it-builder/wp-content/themes/itbuilder-theme/resource/css/print.css
force_replace	it-builder/news/news0003566/index-from-root-p3566.html:34	/it-builder/wp-content/themes/itbuilder-theme/resource/css/common.css%3F=1.2.2.css	/it-builder/wp-content/themes/itbuilder-theme/resource/css/common.css
force_replace	it-builder/news/news0003566/index-from-root-p3566.html:35	/it-builder/wp-content/themes/itbuilder-theme/resource/css/print.css%3Fvar=0.1.css	/it-builder/wp-content/themes/itbuilder-theme/resource/css/print.css
force_replace	it-builder/news/news0004327/index.html:34	/it-builder/wp-content/themes/itbuilder-theme/resource/css/common.css%3F=1.2.2.css	/it-builder/wp-content/themes/itbuilder-theme/resource/css/common.css
force_replace	it-builder/news/news0004327/index.html:35	/it-builder/wp-content/themes/itbuilder-theme/resource/css/print.css%3Fvar=0.1.css	/it-builder/wp-content/themes/itbuilder-theme/resource/css/print.css
force_replace	it-builder/news/news0002449/index.html:34	/it-builder/wp-content/themes/itbuilder-theme/resource/css/common.css%3F=1.2.2.css	/it-builder/wp-content/themes/itbuilder-theme/resource/css/common.css
force_replace	it-builder/news/news0002449/index.html:35	/it-builder/wp-content/themes/itbuilder-theme/resource/css/print.css%3Fvar=0.1.css	/it-builder/wp-content/themes/itbuilder-theme/resource/css/print.css
force_replace	it-builder/news/news0002449/index-from-root-p2449.html:34	/it-builder/wp-content/themes/itbuilder-theme/resource/css/common.css%3F=1.2.2.css	/it-builder/wp-content/themes/itbuilder-theme/resource/css/common.css
force_replace	it-builder/news/news0002449/index-from-root-p2449.html:35	/it-builder/wp-content/themes/itbuilder-theme/resource/css/print.css%3Fvar=0.1.css	/it-builder/wp-content/themes/itbuilder-theme/resource/css/print.css
force_replace	it-builder/news/news0002446/index-from-root-p2446.html:34	/it-builder/wp-content/themes/itbuilder-theme/resource/css/common.css%3F=1.2.2.css	/it-builder/wp-content/themes/itbuilder-theme/resource/css/common.css
force_replace	it-builder/news/news0002446/index-from-root-p2446.html:35	/it-builder/wp-content/themes/itbuilder-theme/resource/css/print.css%3Fvar=0.1.css	/it-builder/wp-content/themes/itbuilder-theme/resource/css/print.css
force_replace	it-builder/news/news0002446/index.html:34	/it-builder/wp-content/themes/itbuilder-theme/resource/css/common.css%3F=1.2.2.css	/it-builder/wp-content/themes/itbuilder-theme/resource/css/common.css
force_replace	it-builder/news/news0002446/index.html:35	/it-builder/wp-content/themes/itbuilder-theme/resource/css/print.css%3Fvar=0.1.css	/it-builder/wp-content/themes/itbuilder-theme/resource/css/print.css
force_replace	it-builder/news/news0003402/index.html:34	/it-builder/wp-content/themes/itbuilder-theme/resource/css/common.css%3F=1.2.2.css	/it-builder/wp-content/themes/itbuilder-theme/resource/css/common.css
force_replace	it-builder/news/news0003402/index.html:35	/it-builder/wp-content/themes/itbuilder-theme/resource/css/print.css%3Fvar=0.1.css	/it-builder/wp-content/themes/itbuilder-theme/resource/css/print.css
force_replace	it-builder/news/news0003402/index-from-root-p3402.html:34	/it-builder/wp-content/themes/itbuilder-theme/resource/css/common.css%3F=1.2.2.css	/it-builder/wp-content/themes/itbuilder-theme/resource/css/common.css
force_replace	it-builder/news/news0003402/index-from-root-p3402.html:35	/it-builder/wp-content/themes/itbuilder-theme/resource/css/print.css%3Fvar=0.1.css	/it-builder/wp-content/themes/itbuilder-theme/resource/css/print.css
force_replace	it-builder/news/news0003523/index.html:34	/it-builder/wp-content/themes/itbuilder-theme/resource/css/common.css%3F=1.2.2.css	/it-builder/wp-content/themes/itbuilder-theme/resource/css/common.css
force_replace	it-builder/news/news0003523/index.html:35	/it-builder/wp-content/themes/itbuilder-theme/resource/css/print.css%3Fvar=0.1.css	/it-builder/wp-content/themes/itbuilder-theme/resource/css/print.css
force_replace	it-builder/news/news0003523/index-from-root-p3523.html:34	/it-builder/wp-content/themes/itbuilder-theme/resource/css/common.css%3F=1.2.2.css	/it-builder/wp-content/themes/itbuilder-theme/resource/css/common.css
force_replace	it-builder/news/news0003523/index-from-root-p3523.html:35	/it-builder/wp-content/themes/itbuilder-theme/resource/css/print.css%3Fvar=0.1.css	/it-builder/wp-content/themes/itbuilder-theme/resource/css/print.css
force_replace	it-builder/news/news0003515/index.html:34	/it-builder/wp-content/themes/itbuilder-theme/resource/css/common.css%3F=1.2.2.css	/it-builder/wp-content/themes/itbuilder-theme/resource/css/common.css
force_replace	it-builder/news/news0003515/index.html:35	/it-builder/wp-content/themes/itbuilder-theme/resource/css/print.css%3Fvar=0.1.css	/it-builder/wp-content/themes/itbuilder-theme/resource/css/print.css
force_replace	it-builder/news/news0003515/index-from-root-p3515.html:34	/it-builder/wp-content/themes/itbuilder-theme/resource/css/common.css%3F=1.2.2.css	/it-builder/wp-content/themes/itbuilder-theme/resource/css/common.css
force_replace	it-builder/news/news0003515/index-from-root-p3515.html:35	/it-builder/wp-content/themes/itbuilder-theme/resource/css/print.css%3Fvar=0.1.css	/it-builder/wp-content/themes/itbuilder-theme/resource/css/print.css
force_replace	it-builder/news/news0004103/index.html:34	/it-builder/wp-content/themes/itbuilder-theme/resource/css/common.css%3F=1.2.2.css	/it-builder/wp-content/themes/itbuilder-theme/resource/css/common.css
force_replace	it-builder/news/news0004103/index.html:35	/it-builder/wp-content/themes/itbuilder-theme/resource/css/print.css%3Fvar=0.1.css	/it-builder/wp-content/themes/itbuilder-theme/resource/css/print.css
force_replace	it-builder/news/news0004103/index-from-root-p4103.html:34	/it-builder/wp-content/themes/itbuilder-theme/resource/css/common.css%3F=1.2.2.css	/it-builder/wp-content/themes/itbuilder-theme/resource/css/common.css
force_replace	it-builder/news/news0004103/index-from-root-p4103.html:35	/it-builder/wp-content/themes/itbuilder-theme/resource/css/print.css%3Fvar=0.1.css	/it-builder/wp-content/themes/itbuilder-theme/resource/css/print.css
force_replace	it-builder/news/news0002456/index.html:34	/it-builder/wp-content/themes/itbuilder-theme/resource/css/common.css%3F=1.2.2.css	/it-builder/wp-content/themes/itbuilder-theme/resource/css/common.css
force_replace	it-builder/news/news0002456/index.html:35	/it-builder/wp-content/themes/itbuilder-theme/resource/css/print.css%3Fvar=0.1.css	/it-builder/wp-content/themes/itbuilder-theme/resource/css/print.css
force_replace	it-builder/news/news0002456/index-from-root-p2456.html:34	/it-builder/wp-content/themes/itbuilder-theme/resource/css/common.css%3F=1.2.2.css	/it-builder/wp-content/themes/itbuilder-theme/resource/css/common.css
force_replace	it-builder/news/news0002456/index-from-root-p2456.html:35	/it-builder/wp-content/themes/itbuilder-theme/resource/css/print.css%3Fvar=0.1.css	/it-builder/wp-content/themes/itbuilder-theme/resource/css/print.css
force_replace	it-builder/news/news0004167/index.html:34	/it-builder/wp-content/themes/itbuilder-theme/resource/css/common.css%3F=1.2.2.css	/it-builder/wp-content/themes/itbuilder-theme/resource/css/common.css
force_replace	it-builder/news/news0004167/index.html:35	/it-builder/wp-content/themes/itbuilder-theme/resource/css/print.css%3Fvar=0.1.css	/it-builder/wp-content/themes/itbuilder-theme/resource/css/print.css
force_replace	it-builder/news/news0004167/index-from-root-p4167.html:34	/it-builder/wp-content/themes/itbuilder-theme/resource/css/common.css%3F=1.2.2.css	/it-builder/wp-content/themes/itbuilder-theme/resource/css/common.css
force_replace	it-builder/news/news0004167/index-from-root-p4167.html:35	/it-builder/wp-content/themes/itbuilder-theme/resource/css/print.css%3Fvar=0.1.css	/it-builder/wp-content/themes/itbuilder-theme/resource/css/print.css
force_replace	it-builder/news/news0003124/index.html:34	/it-builder/wp-content/themes/itbuilder-theme/resource/css/common.css%3F=1.2.2.css	/it-builder/wp-content/themes/itbuilder-theme/resource/css/common.css
force_replace	it-builder/news/news0003124/index.html:35	/it-builder/wp-content/themes/itbuilder-theme/resource/css/print.css%3Fvar=0.1.css	/it-builder/wp-content/themes/itbuilder-theme/resource/css/print.css
force_replace	it-builder/news/news0003124/index-from-root-p3124.html:34	/it-builder/wp-content/themes/itbuilder-theme/resource/css/common.css%3F=1.2.2.css	/it-builder/wp-content/themes/itbuilder-theme/resource/css/common.css
force_replace	it-builder/news/news0003124/index-from-root-p3124.html:35	/it-builder/wp-content/themes/itbuilder-theme/resource/css/print.css%3Fvar=0.1.css	/it-builder/wp-content/themes/itbuilder-theme/resource/css/print.css
force_replace	it-builder/news/news0002459/index.html:34	/it-builder/wp-content/themes/itbuilder-theme/resource/css/common.css%3F=1.2.2.css	/it-builder/wp-content/themes/itbuilder-theme/resource/css/common.css
force_replace	it-builder/news/news0002459/index.html:35	/it-builder/wp-content/themes/itbuilder-theme/resource/css/print.css%3Fvar=0.1.css	/it-builder/wp-content/themes/itbuilder-theme/resource/css/print.css
force_replace	it-builder/news/news0002459/index-from-root-p2459.html:34	/it-builder/wp-content/themes/itbuilder-theme/resource/css/common.css%3F=1.2.2.css	/it-builder/wp-content/themes/itbuilder-theme/resource/css/common.css
force_replace	it-builder/news/news0002459/index-from-root-p2459.html:35	/it-builder/wp-content/themes/itbuilder-theme/resource/css/print.css%3Fvar=0.1.css	/it-builder/wp-content/themes/itbuilder-theme/resource/css/print.css
force_replace	it-builder/news/news0002443/index.html:34	/it-builder/wp-content/themes/itbuilder-theme/resource/css/common.css%3F=1.2.2.css	/it-builder/wp-content/themes/itbuilder-theme/resource/css/common.css
force_replace	it-builder/news/news0002443/index.html:35	/it-builder/wp-content/themes/itbuilder-theme/resource/css/print.css%3Fvar=0.1.css	/it-builder/wp-content/themes/itbuilder-theme/resource/css/print.css
force_replace	it-builder/news/news0002443/index-from-root-p2443.html:34	/it-builder/wp-content/themes/itbuilder-theme/resource/css/common.css%3F=1.2.2.css	/it-builder/wp-content/themes/itbuilder-theme/resource/css/common.css
force_replace	it-builder/news/news0002443/index-from-root-p2443.html:35	/it-builder/wp-content/themes/itbuilder-theme/resource/css/print.css%3Fvar=0.1.css	/it-builder/wp-content/themes/itbuilder-theme/resource/css/print.css
force_replace	it-builder/news/news0002475/index.html:34	/it-builder/wp-content/themes/itbuilder-theme/resource/css/common.css%3F=1.2.2.css	/it-builder/wp-content/themes/itbuilder-theme/resource/css/common.css
force_replace	it-builder/news/news0002475/index.html:35	/it-builder/wp-content/themes/itbuilder-theme/resource/css/print.css%3Fvar=0.1.css	/it-builder/wp-content/themes/itbuilder-theme/resource/css/print.css
force_replace	it-builder/news/news0002475/index-from-root-p2475.html:34	/it-builder/wp-content/themes/itbuilder-theme/resource/css/common.css%3F=1.2.2.css	/it-builder/wp-content/themes/itbuilder-theme/resource/css/common.css
force_replace	it-builder/news/news0002475/index-from-root-p2475.html:35	/it-builder/wp-content/themes/itbuilder-theme/resource/css/print.css%3Fvar=0.1.css	/it-builder/wp-content/themes/itbuilder-theme/resource/css/print.css
force_replace	it-builder/news/news0003305/index.html:34	/it-builder/wp-content/themes/itbuilder-theme/resource/css/common.css%3F=1.2.2.css	/it-builder/wp-content/themes/itbuilder-theme/resource/css/common.css
force_replace	it-builder/news/news0003305/index.html:35	/it-builder/wp-content/themes/itbuilder-theme/resource/css/print.css%3Fvar=0.1.css	/it-builder/wp-content/themes/itbuilder-theme/resource/css/print.css
force_replace	it-builder/news/news0003305/index-from-root-p3305.html:34	/it-builder/wp-content/themes/itbuilder-theme/resource/css/common.css%3F=1.2.2.css	/it-builder/wp-content/themes/itbuilder-theme/resource/css/common.css
force_replace	it-builder/news/news0003305/index-from-root-p3305.html:35	/it-builder/wp-content/themes/itbuilder-theme/resource/css/print.css%3Fvar=0.1.css	/it-builder/wp-content/themes/itbuilder-theme/resource/css/print.css
force_replace	it-builder/news/news0003704/index.html:34	/it-builder/wp-content/themes/itbuilder-theme/resource/css/common.css%3F=1.2.2.css	/it-builder/wp-content/themes/itbuilder-theme/resource/css/common.css
force_replace	it-builder/news/news0003704/index.html:35	/it-builder/wp-content/themes/itbuilder-theme/resource/css/print.css%3Fvar=0.1.css	/it-builder/wp-content/themes/itbuilder-theme/resource/css/print.css
force_replace	it-builder/news/news0003704/index-from-root-p3704.html:34	/it-builder/wp-content/themes/itbuilder-theme/resource/css/common.css%3F=1.2.2.css	/it-builder/wp-content/themes/itbuilder-theme/resource/css/common.css
force_replace	it-builder/news/news0003704/index-from-root-p3704.html:35	/it-builder/wp-content/themes/itbuilder-theme/resource/css/print.css%3Fvar=0.1.css	/it-builder/wp-content/themes/itbuilder-theme/resource/css/print.css
force_replace	it-builder/news/news0003367/index.html:34	/it-builder/wp-content/themes/itbuilder-theme/resource/css/common.css%3F=1.2.2.css	/it-builder/wp-content/themes/itbuilder-theme/resource/css/common.css
force_replace	it-builder/news/news0003367/index.html:35	/it-builder/wp-content/themes/itbuilder-theme/resource/css/print.css%3Fvar=0.1.css	/it-builder/wp-content/themes/itbuilder-theme/resource/css/print.css
force_replace	it-builder/news/news0003367/index-from-root-p3367.html:34	/it-builder/wp-content/themes/itbuilder-theme/resource/css/common.css%3F=1.2.2.css	/it-builder/wp-content/themes/itbuilder-theme/resource/css/common.css
force_replace	it-builder/news/news0003367/index-from-root-p3367.html:35	/it-builder/wp-content/themes/itbuilder-theme/resource/css/print.css%3Fvar=0.1.css	/it-builder/wp-content/themes/itbuilder-theme/resource/css/print.css
force_replace	it-builder/news/news0003138/index.html:34	/it-builder/wp-content/themes/itbuilder-theme/resource/css/common.css%3F=1.2.2.css	/it-builder/wp-content/themes/itbuilder-theme/resource/css/common.css
force_replace	it-builder/news/news0003138/index.html:35	/it-builder/wp-content/themes/itbuilder-theme/resource/css/print.css%3Fvar=0.1.css	/it-builder/wp-content/themes/itbuilder-theme/resource/css/print.css
force_replace	it-builder/news/news0003138/index-from-root-p3138.html:34	/it-builder/wp-content/themes/itbuilder-theme/resource/css/common.css%3F=1.2.2.css	/it-builder/wp-content/themes/itbuilder-theme/resource/css/common.css
force_replace	it-builder/news/news0003138/index-from-root-p3138.html:35	/it-builder/wp-content/themes/itbuilder-theme/resource/css/print.css%3Fvar=0.1.css	/it-builder/wp-content/themes/itbuilder-theme/resource/css/print.css
force_replace	it-builder/news/news0004203/index.html:34	/it-builder/wp-content/themes/itbuilder-theme/resource/css/common.css%3F=1.2.2.css	/it-builder/wp-content/themes/itbuilder-theme/resource/css/common.css
force_replace	it-builder/news/news0004203/index.html:35	/it-builder/wp-content/themes/itbuilder-theme/resource/css/print.css%3Fvar=0.1.css	/it-builder/wp-content/themes/itbuilder-theme/resource/css/print.css
force_replace	it-builder/news/news0004203/index-from-root-p4203.html:34	/it-builder/wp-content/themes/itbuilder-theme/resource/css/common.css%3F=1.2.2.css	/it-builder/wp-content/themes/itbuilder-theme/resource/css/common.css
force_replace	it-builder/news/news0004203/index-from-root-p4203.html:35	/it-builder/wp-content/themes/itbuilder-theme/resource/css/print.css%3Fvar=0.1.css	/it-builder/wp-content/themes/itbuilder-theme/resource/css/print.css
force_replace	it-builder/news/news0004266/index.html:34	/it-builder/wp-content/themes/itbuilder-theme/resource/css/common.css%3F=1.2.2.css	/it-builder/wp-content/themes/itbuilder-theme/resource/css/common.css
force_replace	it-builder/news/news0004266/index.html:35	/it-builder/wp-content/themes/itbuilder-theme/resource/css/print.css%3Fvar=0.1.css	/it-builder/wp-content/themes/itbuilder-theme/resource/css/print.css
force_replace	it-builder/news/news0004266/index-from-root-p4266.html:34	/it-builder/wp-content/themes/itbuilder-theme/resource/css/common.css%3F=1.2.2.css	/it-builder/wp-content/themes/itbuilder-theme/resource/css/common.css
force_replace	it-builder/news/news0004266/index-from-root-p4266.html:35	/it-builder/wp-content/themes/itbuilder-theme/resource/css/print.css%3Fvar=0.1.css	/it-builder/wp-content/themes/itbuilder-theme/resource/css/print.css
force_replace	it-builder/news/news0003625/index.html:34	/it-builder/wp-content/themes/itbuilder-theme/resource/css/common.css%3F=1.2.2.css	/it-builder/wp-content/themes/itbuilder-theme/resource/css/common.css
force_replace	it-builder/news/news0003625/index.html:35	/it-builder/wp-content/themes/itbuilder-theme/resource/css/print.css%3Fvar=0.1.css	/it-builder/wp-content/themes/itbuilder-theme/resource/css/print.css
force_replace	it-builder/news/news0003625/index-from-root-p3625.html:34	/it-builder/wp-content/themes/itbuilder-theme/resource/css/common.css%3F=1.2.2.css	/it-builder/wp-content/themes/itbuilder-theme/resource/css/common.css
force_replace	it-builder/news/news0003625/index-from-root-p3625.html:35	/it-builder/wp-content/themes/itbuilder-theme/resource/css/print.css%3Fvar=0.1.css	/it-builder/wp-content/themes/itbuilder-theme/resource/css/print.css
force_replace	it-builder/news/news0003417/index.html:34	/it-builder/wp-content/themes/itbuilder-theme/resource/css/common.css%3F=1.2.2.css	/it-builder/wp-content/themes/itbuilder-theme/resource/css/common.css
force_replace	it-builder/news/news0003417/index.html:35	/it-builder/wp-content/themes/itbuilder-theme/resource/css/print.css%3Fvar=0.1.css	/it-builder/wp-content/themes/itbuilder-theme/resource/css/print.css
force_replace	it-builder/news/news0003417/index-from-root-p3417.html:34	/it-builder/wp-content/themes/itbuilder-theme/resource/css/common.css%3F=1.2.2.css	/it-builder/wp-content/themes/itbuilder-theme/resource/css/common.css
force_replace	it-builder/news/news0003417/index-from-root-p3417.html:35	/it-builder/wp-content/themes/itbuilder-theme/resource/css/print.css%3Fvar=0.1.css	/it-builder/wp-content/themes/itbuilder-theme/resource/css/print.css
force_replace	it-builder/case/index.html:35	/it-builder/wp-content/themes/itbuilder-theme/resource/css/common.css%3F=1.2.2.css	/it-builder/wp-content/themes/itbuilder-theme/resource/css/common.css
force_replace	it-builder/case/index.html:36	/it-builder/wp-content/themes/itbuilder-theme/resource/css/print.css%3Fvar=0.1.css	/it-builder/wp-content/themes/itbuilder-theme/resource/css/print.css
force_replace	it-builder/case/case0001247/index-from-root-p1247.html:34	/it-builder/wp-content/themes/itbuilder-theme/resource/css/common.css%3F=1.2.2.css	/it-builder/wp-content/themes/itbuilder-theme/resource/css/common.css
force_replace	it-builder/case/case0001247/index-from-root-p1247.html:35	/it-builder/wp-content/themes/itbuilder-theme/resource/css/print.css%3Fvar=0.1.css	/it-builder/wp-content/themes/itbuilder-theme/resource/css/print.css
strip_url	it-builder/case/case0001247/index-from-root-p1247.html:59	https://info.it-builder.jp/app/portal/sampleAP?ID=05	
force_replace	it-builder/case/case0001247/index.html:34	/it-builder/wp-content/themes/itbuilder-theme/resource/css/common.css%3F=1.2.2.css	/it-builder/wp-content/themes/itbuilder-theme/resource/css/common.css
force_replace	it-builder/case/case0001247/index.html:35	/it-builder/wp-content/themes/itbuilder-theme/resource/css/print.css%3Fvar=0.1.css	/it-builder/wp-content/themes/itbuilder-theme/resource/css/print.css
strip_url	it-builder/case/case0001247/index.html:59	https://info.it-builder.jp/app/portal/sampleAP?ID=05	
force_replace	it-builder/case/case0001223/index.html:34	/it-builder/wp-content/themes/itbuilder-theme/resource/css/common.css%3F=1.2.2.css	/it-builder/wp-content/themes/itbuilder-theme/resource/css/common.css
force_replace	it-builder/case/case0001223/index.html:35	/it-builder/wp-content/themes/itbuilder-theme/resource/css/print.css%3Fvar=0.1.css	/it-builder/wp-content/themes/itbuilder-theme/resource/css/print.css
strip_url	it-builder/case/case0001223/index.html:59	https://info.it-builder.jp/app/portal/sampleAP?ID=13	
strip_url	it-builder/case/case0001223/index.html:127	https://www.youtube.com/embed/VFx8fwCLBSo?rel=0	
force_replace	it-builder/case/case0001223/index-from-root-p1223.html:34	/it-builder/wp-content/themes/itbuilder-theme/resource/css/common.css%3F=1.2.2.css	/it-builder/wp-content/themes/itbuilder-theme/resource/css/common.css
force_replace	it-builder/case/case0001223/index-from-root-p1223.html:35	/it-builder/wp-content/themes/itbuilder-theme/resource/css/print.css%3Fvar=0.1.css	/it-builder/wp-content/themes/itbuilder-theme/resource/css/print.css
strip_url	it-builder/case/case0001223/index-from-root-p1223.html:59	https://info.it-builder.jp/app/portal/sampleAP?ID=13	
strip_url	it-builder/case/case0001223/index-from-root-p1223.html:127	https://www.youtube.com/embed/VFx8fwCLBSo?rel=0	
force_replace	it-builder/case/case0001164/index.html:34	/it-builder/wp-content/themes/itbuilder-theme/resource/css/common.css%3F=1.2.2.css	/it-builder/wp-content/themes/itbuilder-theme/resource/css/common.css
force_replace	it-builder/case/case0001164/index.html:35	/it-builder/wp-content/themes/itbuilder-theme/resource/css/print.css%3Fvar=0.1.css	/it-builder/wp-content/themes/itbuilder-theme/resource/css/print.css
force_replace	it-builder/case/case0001164/index-from-root-p1164.html:34	/it-builder/wp-content/themes/itbuilder-theme/resource/css/common.css%3F=1.2.2.css	/it-builder/wp-content/themes/itbuilder-theme/resource/css/common.css
force_replace	it-builder/case/case0001164/index-from-root-p1164.html:35	/it-builder/wp-content/themes/itbuilder-theme/resource/css/print.css%3Fvar=0.1.css	/it-builder/wp-content/themes/itbuilder-theme/resource/css/print.css
force_replace	it-builder/case/case0001190/index.html:34	/it-builder/wp-content/themes/itbuilder-theme/resource/css/common.css%3F=1.2.2.css	/it-builder/wp-content/themes/itbuilder-theme/resource/css/common.css
force_replace	it-builder/case/case0001190/index.html:35	/it-builder/wp-content/themes/itbuilder-theme/resource/css/print.css%3Fvar=0.1.css	/it-builder/wp-content/themes/itbuilder-theme/resource/css/print.css
strip_url	it-builder/case/case0001190/index.html:63	https://info.it-builder.jp/app/portal/sampleAP?ID=23	
force_replace	it-builder/case/case0001190/index-from-root-p1190.html:34	/it-builder/wp-content/themes/itbuilder-theme/resource/css/common.css%3F=1.2.2.css	/it-builder/wp-content/themes/itbuilder-theme/resource/css/common.css
force_replace	it-builder/case/case0001190/index-from-root-p1190.html:35	/it-builder/wp-content/themes/itbuilder-theme/resource/css/print.css%3Fvar=0.1.css	/it-builder/wp-content/themes/itbuilder-theme/resource/css/print.css
strip_url	it-builder/case/case0001190/index-from-root-p1190.html:63	https://info.it-builder.jp/app/portal/sampleAP?ID=23	
force_replace	it-builder/case/case0001196/index-from-root-p1196.html:34	/it-builder/wp-content/themes/itbuilder-theme/resource/css/common.css%3F=1.2.2.css	/it-builder/wp-content/themes/itbuilder-theme/resource/css/common.css
force_replace	it-builder/case/case0001196/index-from-root-p1196.html:35	/it-builder/wp-content/themes/itbuilder-theme/resource/css/print.css%3Fvar=0.1.css	/it-builder/wp-content/themes/itbuilder-theme/resource/css/print.css
strip_url	it-builder/case/case0001196/index-from-root-p1196.html:59	https://info.it-builder.jp/app/portal/sampleAP?ID=21	
force_replace	it-builder/case/case0001196/index.html:34	/it-builder/wp-content/themes/itbuilder-theme/resource/css/common.css%3F=1.2.2.css	/it-builder/wp-content/themes/itbuilder-theme/resource/css/common.css
force_replace	it-builder/case/case0001196/index.html:35	/it-builder/wp-content/themes/itbuilder-theme/resource/css/print.css%3Fvar=0.1.css	/it-builder/wp-content/themes/itbuilder-theme/resource/css/print.css
strip_url	it-builder/case/case0001196/index.html:59	https://info.it-builder.jp/app/portal/sampleAP?ID=21	
force_replace	it-builder/case/case0001171/index.html:34	/it-builder/wp-content/themes/itbuilder-theme/resource/css/common.css%3F=1.2.2.css	/it-builder/wp-content/themes/itbuilder-theme/resource/css/common.css
force_replace	it-builder/case/case0001171/index.html:35	/it-builder/wp-content/themes/itbuilder-theme/resource/css/print.css%3Fvar=0.1.css	/it-builder/wp-content/themes/itbuilder-theme/resource/css/print.css
strip_url	it-builder/case/case0001171/index.html:59	https://info.it-builder.jp/app/portal/sampleAP?ID=28	
force_replace	it-builder/case/case0001171/index-from-root-p1171.html:34	/it-builder/wp-content/themes/itbuilder-theme/resource/css/common.css%3F=1.2.2.css	/it-builder/wp-content/themes/itbuilder-theme/resource/css/common.css
force_replace	it-builder/case/case0001171/index-from-root-p1171.html:35	/it-builder/wp-content/themes/itbuilder-theme/resource/css/print.css%3Fvar=0.1.css	/it-builder/wp-content/themes/itbuilder-theme/resource/css/print.css
strip_url	it-builder/case/case0001171/index-from-root-p1171.html:59	https://info.it-builder.jp/app/portal/sampleAP?ID=28	
force_replace	it-builder/case/case0001178/index.html:34	/it-builder/wp-content/themes/itbuilder-theme/resource/css/common.css%3F=1.2.2.css	/it-builder/wp-content/themes/itbuilder-theme/resource/css/common.css
force_replace	it-builder/case/case0001178/index.html:35	/it-builder/wp-content/themes/itbuilder-theme/resource/css/print.css%3Fvar=0.1.css	/it-builder/wp-content/themes/itbuilder-theme/resource/css/print.css
strip_url	it-builder/case/case0001178/index.html:59	https://info.it-builder.jp/app/portal/sampleAP?ID=26	
strip_url	it-builder/case/case0001178/index.html:115	https://www.youtube.com/embed/PHMGo6nR0j4?rel=0	
force_replace	it-builder/case/case0001178/index-from-root-p1178.html:34	/it-builder/wp-content/themes/itbuilder-theme/resource/css/common.css%3F=1.2.2.css	/it-builder/wp-content/themes/itbuilder-theme/resource/css/common.css
force_replace	it-builder/case/case0001178/index-from-root-p1178.html:35	/it-builder/wp-content/themes/itbuilder-theme/resource/css/print.css%3Fvar=0.1.css	/it-builder/wp-content/themes/itbuilder-theme/resource/css/print.css
strip_url	it-builder/case/case0001178/index-from-root-p1178.html:59	https://info.it-builder.jp/app/portal/sampleAP?ID=26	
strip_url	it-builder/case/case0001178/index-from-root-p1178.html:115	https://www.youtube.com/embed/PHMGo6nR0j4?rel=0	
force_replace	it-builder/case/case0001208/index.html:34	/it-builder/wp-content/themes/itbuilder-theme/resource/css/common.css%3F=1.2.2.css	/it-builder/wp-content/themes/itbuilder-theme/resource/css/common.css
force_replace	it-builder/case/case0001208/index.html:35	/it-builder/wp-content/themes/itbuilder-theme/resource/css/print.css%3Fvar=0.1.css	/it-builder/wp-content/themes/itbuilder-theme/resource/css/print.css
strip_url	it-builder/case/case0001208/index.html:59	https://info.it-builder.jp/app/portal/sampleAP?ID=18	
force_replace	it-builder/case/case0001208/index-from-root-p1208.html:34	/it-builder/wp-content/themes/itbuilder-theme/resource/css/common.css%3F=1.2.2.css	/it-builder/wp-content/themes/itbuilder-theme/resource/css/common.css
force_replace	it-builder/case/case0001208/index-from-root-p1208.html:35	/it-builder/wp-content/themes/itbuilder-theme/resource/css/print.css%3Fvar=0.1.css	/it-builder/wp-content/themes/itbuilder-theme/resource/css/print.css
strip_url	it-builder/case/case0001208/index-from-root-p1208.html:59	https://info.it-builder.jp/app/portal/sampleAP?ID=18	
force_replace	it-builder/case/case0001253/index.html:34	/it-builder/wp-content/themes/itbuilder-theme/resource/css/common.css%3F=1.2.2.css	/it-builder/wp-content/themes/itbuilder-theme/resource/css/common.css
force_replace	it-builder/case/case0001253/index.html:35	/it-builder/wp-content/themes/itbuilder-theme/resource/css/print.css%3Fvar=0.1.css	/it-builder/wp-content/themes/itbuilder-theme/resource/css/print.css
strip_url	it-builder/case/case0001253/index.html:63	https://info.it-builder.jp/app/portal/sampleAP?ID=03	
strip_url	it-builder/case/case0001253/index.html:135	https://www.youtube.com/embed/WJ5HBYauscA?rel=0	
force_replace	it-builder/case/case0001253/index-from-root-p1253.html:34	/it-builder/wp-content/themes/itbuilder-theme/resource/css/common.css%3F=1.2.2.css	/it-builder/wp-content/themes/itbuilder-theme/resource/css/common.css
force_replace	it-builder/case/case0001253/index-from-root-p1253.html:35	/it-builder/wp-content/themes/itbuilder-theme/resource/css/print.css%3Fvar=0.1.css	/it-builder/wp-content/themes/itbuilder-theme/resource/css/print.css
strip_url	it-builder/case/case0001253/index-from-root-p1253.html:63	https://info.it-builder.jp/app/portal/sampleAP?ID=03	
strip_url	it-builder/case/case0001253/index-from-root-p1253.html:135	https://www.youtube.com/embed/WJ5HBYauscA?rel=0	
force_replace	it-builder/case/case0001238/index.html:34	/it-builder/wp-content/themes/itbuilder-theme/resource/css/common.css%3F=1.2.2.css	/it-builder/wp-content/themes/itbuilder-theme/resource/css/common.css
force_replace	it-builder/case/case0001238/index.html:35	/it-builder/wp-content/themes/itbuilder-theme/resource/css/print.css%3Fvar=0.1.css	/it-builder/wp-content/themes/itbuilder-theme/resource/css/print.css
strip_url	it-builder/case/case0001238/index.html:59	https://info.it-builder.jp/app/portal/sampleAP?ID=08	
force_replace	it-builder/case/case0001238/index-from-root-p1238.html:34	/it-builder/wp-content/themes/itbuilder-theme/resource/css/common.css%3F=1.2.2.css	/it-builder/wp-content/themes/itbuilder-theme/resource/css/common.css
force_replace	it-builder/case/case0001238/index-from-root-p1238.html:35	/it-builder/wp-content/themes/itbuilder-theme/resource/css/print.css%3Fvar=0.1.css	/it-builder/wp-content/themes/itbuilder-theme/resource/css/print.css
strip_url	it-builder/case/case0001238/index-from-root-p1238.html:59	https://info.it-builder.jp/app/portal/sampleAP?ID=08	
force_replace	it-builder/case/case0001244/index.html:34	/it-builder/wp-content/themes/itbuilder-theme/resource/css/common.css%3F=1.2.2.css	/it-builder/wp-content/themes/itbuilder-theme/resource/css/common.css
force_replace	it-builder/case/case0001244/index.html:35	/it-builder/wp-content/themes/itbuilder-theme/resource/css/print.css%3Fvar=0.1.css	/it-builder/wp-content/themes/itbuilder-theme/resource/css/print.css
strip_url	it-builder/case/case0001244/index.html:59	https://info.it-builder.jp/app/portal/sampleAP?ID=06	
force_replace	it-builder/case/case0001244/index-from-root-p1244.html:34	/it-builder/wp-content/themes/itbuilder-theme/resource/css/common.css%3F=1.2.2.css	/it-builder/wp-content/themes/itbuilder-theme/resource/css/common.css
force_replace	it-builder/case/case0001244/index-from-root-p1244.html:35	/it-builder/wp-content/themes/itbuilder-theme/resource/css/print.css%3Fvar=0.1.css	/it-builder/wp-content/themes/itbuilder-theme/resource/css/print.css
strip_url	it-builder/case/case0001244/index-from-root-p1244.html:59	https://info.it-builder.jp/app/portal/sampleAP?ID=06	
force_replace	it-builder/case/case0001217/index.html:34	/it-builder/wp-content/themes/itbuilder-theme/resource/css/common.css%3F=1.2.2.css	/it-builder/wp-content/themes/itbuilder-theme/resource/css/common.css
force_replace	it-builder/case/case0001217/index.html:35	/it-builder/wp-content/themes/itbuilder-theme/resource/css/print.css%3Fvar=0.1.css	/it-builder/wp-content/themes/itbuilder-theme/resource/css/print.css
strip_url	it-builder/case/case0001217/index.html:63	https://info.it-builder.jp/app/portal/sampleAP?ID=15	
force_replace	it-builder/case/case0001217/index-from-root-p1217.html:34	/it-builder/wp-content/themes/itbuilder-theme/resource/css/common.css%3F=1.2.2.css	/it-builder/wp-content/themes/itbuilder-theme/resource/css/common.css
force_replace	it-builder/case/case0001217/index-from-root-p1217.html:35	/it-builder/wp-content/themes/itbuilder-theme/resource/css/print.css%3Fvar=0.1.css	/it-builder/wp-content/themes/itbuilder-theme/resource/css/print.css
strip_url	it-builder/case/case0001217/index-from-root-p1217.html:63	https://info.it-builder.jp/app/portal/sampleAP?ID=15	
force_replace	it-builder/case/case0001226/index.html:34	/it-builder/wp-content/themes/itbuilder-theme/resource/css/common.css%3F=1.2.2.css	/it-builder/wp-content/themes/itbuilder-theme/resource/css/common.css
force_replace	it-builder/case/case0001226/index.html:35	/it-builder/wp-content/themes/itbuilder-theme/resource/css/print.css%3Fvar=0.1.css	/it-builder/wp-content/themes/itbuilder-theme/resource/css/print.css
strip_url	it-builder/case/case0001226/index.html:63	https://info.it-builder.jp/app/portal/sampleAP?ID=12	
force_replace	it-builder/case/case0001226/index-from-root-p1226.html:34	/it-builder/wp-content/themes/itbuilder-theme/resource/css/common.css%3F=1.2.2.css	/it-builder/wp-content/themes/itbuilder-theme/resource/css/common.css
force_replace	it-builder/case/case0001226/index-from-root-p1226.html:35	/it-builder/wp-content/themes/itbuilder-theme/resource/css/print.css%3Fvar=0.1.css	/it-builder/wp-content/themes/itbuilder-theme/resource/css/print.css
strip_url	it-builder/case/case0001226/index-from-root-p1226.html:63	https://info.it-builder.jp/app/portal/sampleAP?ID=12	
force_replace	it-builder/case/case0001220/index.html:34	/it-builder/wp-content/themes/itbuilder-theme/resource/css/common.css%3F=1.2.2.css	/it-builder/wp-content/themes/itbuilder-theme/resource/css/common.css
force_replace	it-builder/case/case0001220/index.html:35	/it-builder/wp-content/themes/itbuilder-theme/resource/css/print.css%3Fvar=0.1.css	/it-builder/wp-content/themes/itbuilder-theme/resource/css/print.css
strip_url	it-builder/case/case0001220/index.html:59	https://info.it-builder.jp/app/portal/sampleAP?ID=14	
force_replace	it-builder/case/case0001220/index-from-root-p1220.html:34	/it-builder/wp-content/themes/itbuilder-theme/resource/css/common.css%3F=1.2.2.css	/it-builder/wp-content/themes/itbuilder-theme/resource/css/common.css
force_replace	it-builder/case/case0001220/index-from-root-p1220.html:35	/it-builder/wp-content/themes/itbuilder-theme/resource/css/print.css%3Fvar=0.1.css	/it-builder/wp-content/themes/itbuilder-theme/resource/css/print.css
strip_url	it-builder/case/case0001220/index-from-root-p1220.html:59	https://info.it-builder.jp/app/portal/sampleAP?ID=14	
force_replace	it-builder/case/case0001211/index-from-root-p1211.html:34	/it-builder/wp-content/themes/itbuilder-theme/resource/css/common.css%3F=1.2.2.css	/it-builder/wp-content/themes/itbuilder-theme/resource/css/common.css
force_replace	it-builder/case/case0001211/index-from-root-p1211.html:35	/it-builder/wp-content/themes/itbuilder-theme/resource/css/print.css%3Fvar=0.1.css	/it-builder/wp-content/themes/itbuilder-theme/resource/css/print.css
strip_url	it-builder/case/case0001211/index-from-root-p1211.html:59	https://info.it-builder.jp/app/portal/sampleAP?ID=17	
force_replace	it-builder/case/case0001211/index.html:34	/it-builder/wp-content/themes/itbuilder-theme/resource/css/common.css%3F=1.2.2.css	/it-builder/wp-content/themes/itbuilder-theme/resource/css/common.css
force_replace	it-builder/case/case0001211/index.html:35	/it-builder/wp-content/themes/itbuilder-theme/resource/css/print.css%3Fvar=0.1.css	/it-builder/wp-content/themes/itbuilder-theme/resource/css/print.css
strip_url	it-builder/case/case0001211/index.html:59	https://info.it-builder.jp/app/portal/sampleAP?ID=17	
force_replace	it-builder/case/case0001193/index.html:34	/it-builder/wp-content/themes/itbuilder-theme/resource/css/common.css%3F=1.2.2.css	/it-builder/wp-content/themes/itbuilder-theme/resource/css/common.css
force_replace	it-builder/case/case0001193/index.html:35	/it-builder/wp-content/themes/itbuilder-theme/resource/css/print.css%3Fvar=0.1.css	/it-builder/wp-content/themes/itbuilder-theme/resource/css/print.css
strip_url	it-builder/case/case0001193/index.html:63	https://info.it-builder.jp/app/portal/sampleAP?ID=22	
force_replace	it-builder/case/case0001193/index-from-root-p1193.html:34	/it-builder/wp-content/themes/itbuilder-theme/resource/css/common.css%3F=1.2.2.css	/it-builder/wp-content/themes/itbuilder-theme/resource/css/common.css
force_replace	it-builder/case/case0001193/index-from-root-p1193.html:35	/it-builder/wp-content/themes/itbuilder-theme/resource/css/print.css%3Fvar=0.1.css	/it-builder/wp-content/themes/itbuilder-theme/resource/css/print.css
strip_url	it-builder/case/case0001193/index-from-root-p1193.html:63	https://info.it-builder.jp/app/portal/sampleAP?ID=22	
force_replace	it-builder/case/case0001181/index-from-root-p1181.html:34	/it-builder/wp-content/themes/itbuilder-theme/resource/css/common.css%3F=1.2.2.css	/it-builder/wp-content/themes/itbuilder-theme/resource/css/common.css
force_replace	it-builder/case/case0001181/index-from-root-p1181.html:35	/it-builder/wp-content/themes/itbuilder-theme/resource/css/print.css%3Fvar=0.1.css	/it-builder/wp-content/themes/itbuilder-theme/resource/css/print.css
strip_url	it-builder/case/case0001181/index-from-root-p1181.html:59	https://info.it-builder.jp/app/portal/sampleAP?ID=25	
force_replace	it-builder/case/case0001181/index.html:34	/it-builder/wp-content/themes/itbuilder-theme/resource/css/common.css%3F=1.2.2.css	/it-builder/wp-content/themes/itbuilder-theme/resource/css/common.css
force_replace	it-builder/case/case0001181/index.html:35	/it-builder/wp-content/themes/itbuilder-theme/resource/css/print.css%3Fvar=0.1.css	/it-builder/wp-content/themes/itbuilder-theme/resource/css/print.css
strip_url	it-builder/case/case0001181/index.html:59	https://info.it-builder.jp/app/portal/sampleAP?ID=25	
force_replace	it-builder/case/case0001187/index.html:34	/it-builder/wp-content/themes/itbuilder-theme/resource/css/common.css%3F=1.2.2.css	/it-builder/wp-content/themes/itbuilder-theme/resource/css/common.css
force_replace	it-builder/case/case0001187/index.html:35	/it-builder/wp-content/themes/itbuilder-theme/resource/css/print.css%3Fvar=0.1.css	/it-builder/wp-content/themes/itbuilder-theme/resource/css/print.css
strip_url	it-builder/case/case0001187/index.html:59	https://info.it-builder.jp/app/portal/sampleAP?ID=24	
force_replace	it-builder/case/case0001187/index-from-root-p1187.html:34	/it-builder/wp-content/themes/itbuilder-theme/resource/css/common.css%3F=1.2.2.css	/it-builder/wp-content/themes/itbuilder-theme/resource/css/common.css
force_replace	it-builder/case/case0001187/index-from-root-p1187.html:35	/it-builder/wp-content/themes/itbuilder-theme/resource/css/print.css%3Fvar=0.1.css	/it-builder/wp-content/themes/itbuilder-theme/resource/css/print.css
strip_url	it-builder/case/case0001187/index-from-root-p1187.html:59	https://info.it-builder.jp/app/portal/sampleAP?ID=24	
force_replace	it-builder/case/case0001174/index.html:34	/it-builder/wp-content/themes/itbuilder-theme/resource/css/common.css%3F=1.2.2.css	/it-builder/wp-content/themes/itbuilder-theme/resource/css/common.css
force_replace	it-builder/case/case0001174/index.html:35	/it-builder/wp-content/themes/itbuilder-theme/resource/css/print.css%3Fvar=0.1.css	/it-builder/wp-content/themes/itbuilder-theme/resource/css/print.css
strip_url	it-builder/case/case0001174/index.html:59	https://info.it-builder.jp/app/portal/sampleAP?ID=27	
force_replace	it-builder/case/case0001174/index-from-root-p1174.html:34	/it-builder/wp-content/themes/itbuilder-theme/resource/css/common.css%3F=1.2.2.css	/it-builder/wp-content/themes/itbuilder-theme/resource/css/common.css
force_replace	it-builder/case/case0001174/index-from-root-p1174.html:35	/it-builder/wp-content/themes/itbuilder-theme/resource/css/print.css%3Fvar=0.1.css	/it-builder/wp-content/themes/itbuilder-theme/resource/css/print.css
strip_url	it-builder/case/case0001174/index-from-root-p1174.html:59	https://info.it-builder.jp/app/portal/sampleAP?ID=27	
force_replace	it-builder/case/case0001205/index.html:34	/it-builder/wp-content/themes/itbuilder-theme/resource/css/common.css%3F=1.2.2.css	/it-builder/wp-content/themes/itbuilder-theme/resource/css/common.css
force_replace	it-builder/case/case0001205/index.html:35	/it-builder/wp-content/themes/itbuilder-theme/resource/css/print.css%3Fvar=0.1.css	/it-builder/wp-content/themes/itbuilder-theme/resource/css/print.css
strip_url	it-builder/case/case0001205/index.html:59	https://info.it-builder.jp/app/portal/sampleAP?ID=19	
force_replace	it-builder/case/case0001205/index-from-root-p1205.html:34	/it-builder/wp-content/themes/itbuilder-theme/resource/css/common.css%3F=1.2.2.css	/it-builder/wp-content/themes/itbuilder-theme/resource/css/common.css
force_replace	it-builder/case/case0001205/index-from-root-p1205.html:35	/it-builder/wp-content/themes/itbuilder-theme/resource/css/print.css%3Fvar=0.1.css	/it-builder/wp-content/themes/itbuilder-theme/resource/css/print.css
strip_url	it-builder/case/case0001205/index-from-root-p1205.html:59	https://info.it-builder.jp/app/portal/sampleAP?ID=19	
force_replace	it-builder/case/case0001202/index.html:34	/it-builder/wp-content/themes/itbuilder-theme/resource/css/common.css%3F=1.2.2.css	/it-builder/wp-content/themes/itbuilder-theme/resource/css/common.css
force_replace	it-builder/case/case0001202/index.html:35	/it-builder/wp-content/themes/itbuilder-theme/resource/css/print.css%3Fvar=0.1.css	/it-builder/wp-content/themes/itbuilder-theme/resource/css/print.css
strip_url	it-builder/case/case0001202/index.html:63	https://info.it-builder.jp/app/portal/sampleAP?ID=20	
strip_url	it-builder/case/case0001202/index.html:127	https://www.youtube.com/embed/1en-XdtfA80?rel=0	
force_replace	it-builder/case/case0001202/index-from-root-p1202.html:34	/it-builder/wp-content/themes/itbuilder-theme/resource/css/common.css%3F=1.2.2.css	/it-builder/wp-content/themes/itbuilder-theme/resource/css/common.css
force_replace	it-builder/case/case0001202/index-from-root-p1202.html:35	/it-builder/wp-content/themes/itbuilder-theme/resource/css/print.css%3Fvar=0.1.css	/it-builder/wp-content/themes/itbuilder-theme/resource/css/print.css
strip_url	it-builder/case/case0001202/index-from-root-p1202.html:63	https://info.it-builder.jp/app/portal/sampleAP?ID=20	
strip_url	it-builder/case/case0001202/index-from-root-p1202.html:127	https://www.youtube.com/embed/1en-XdtfA80?rel=0	
force_replace	it-builder/case/case0001256/index.html:34	/it-builder/wp-content/themes/itbuilder-theme/resource/css/common.css%3F=1.2.2.css	/it-builder/wp-content/themes/itbuilder-theme/resource/css/common.css
force_replace	it-builder/case/case0001256/index.html:35	/it-builder/wp-content/themes/itbuilder-theme/resource/css/print.css%3Fvar=0.1.css	/it-builder/wp-content/themes/itbuilder-theme/resource/css/print.css
strip_url	it-builder/case/case0001256/index.html:59	https://info.it-builder.jp/app/portal/sampleAP?ID=02	
force_replace	it-builder/case/case0001256/index-from-root-p1256.html:34	/it-builder/wp-content/themes/itbuilder-theme/resource/css/common.css%3F=1.2.2.css	/it-builder/wp-content/themes/itbuilder-theme/resource/css/common.css
force_replace	it-builder/case/case0001256/index-from-root-p1256.html:35	/it-builder/wp-content/themes/itbuilder-theme/resource/css/print.css%3Fvar=0.1.css	/it-builder/wp-content/themes/itbuilder-theme/resource/css/print.css
strip_url	it-builder/case/case0001256/index-from-root-p1256.html:59	https://info.it-builder.jp/app/portal/sampleAP?ID=02	
force_replace	it-builder/case/case0001232/index.html:34	/it-builder/wp-content/themes/itbuilder-theme/resource/css/common.css%3F=1.2.2.css	/it-builder/wp-content/themes/itbuilder-theme/resource/css/common.css
force_replace	it-builder/case/case0001232/index.html:35	/it-builder/wp-content/themes/itbuilder-theme/resource/css/print.css%3Fvar=0.1.css	/it-builder/wp-content/themes/itbuilder-theme/resource/css/print.css
strip_url	it-builder/case/case0001232/index.html:59	https://info.it-builder.jp/app/portal/sampleAP?ID=10	
force_replace	it-builder/case/case0001232/index-from-root-p1232.html:34	/it-builder/wp-content/themes/itbuilder-theme/resource/css/common.css%3F=1.2.2.css	/it-builder/wp-content/themes/itbuilder-theme/resource/css/common.css
force_replace	it-builder/case/case0001232/index-from-root-p1232.html:35	/it-builder/wp-content/themes/itbuilder-theme/resource/css/print.css%3Fvar=0.1.css	/it-builder/wp-content/themes/itbuilder-theme/resource/css/print.css
strip_url	it-builder/case/case0001232/index-from-root-p1232.html:59	https://info.it-builder.jp/app/portal/sampleAP?ID=10	
force_replace	it-builder/case/case0001235/index.html:34	/it-builder/wp-content/themes/itbuilder-theme/resource/css/common.css%3F=1.2.2.css	/it-builder/wp-content/themes/itbuilder-theme/resource/css/common.css
force_replace	it-builder/case/case0001235/index.html:35	/it-builder/wp-content/themes/itbuilder-theme/resource/css/print.css%3Fvar=0.1.css	/it-builder/wp-content/themes/itbuilder-theme/resource/css/print.css
strip_url	it-builder/case/case0001235/index.html:59	https://info.it-builder.jp/app/portal/sampleAP?ID=09	
force_replace	it-builder/case/case0001235/index-from-root-p1235.html:34	/it-builder/wp-content/themes/itbuilder-theme/resource/css/common.css%3F=1.2.2.css	/it-builder/wp-content/themes/itbuilder-theme/resource/css/common.css
force_replace	it-builder/case/case0001235/index-from-root-p1235.html:35	/it-builder/wp-content/themes/itbuilder-theme/resource/css/print.css%3Fvar=0.1.css	/it-builder/wp-content/themes/itbuilder-theme/resource/css/print.css
strip_url	it-builder/case/case0001235/index-from-root-p1235.html:59	https://info.it-builder.jp/app/portal/sampleAP?ID=09	
force_replace	it-builder/case/case0001259/index.html:34	/it-builder/wp-content/themes/itbuilder-theme/resource/css/common.css%3F=1.2.2.css	/it-builder/wp-content/themes/itbuilder-theme/resource/css/common.css
force_replace	it-builder/case/case0001259/index.html:35	/it-builder/wp-content/themes/itbuilder-theme/resource/css/print.css%3Fvar=0.1.css	/it-builder/wp-content/themes/itbuilder-theme/resource/css/print.css
strip_url	it-builder/case/case0001259/index.html:59	https://info.it-builder.jp/app/portal/sampleAP?ID=01	
force_replace	it-builder/case/case0001259/index-from-root-p1259.html:34	/it-builder/wp-content/themes/itbuilder-theme/resource/css/common.css%3F=1.2.2.css	/it-builder/wp-content/themes/itbuilder-theme/resource/css/common.css
force_replace	it-builder/case/case0001259/index-from-root-p1259.html:35	/it-builder/wp-content/themes/itbuilder-theme/resource/css/print.css%3Fvar=0.1.css	/it-builder/wp-content/themes/itbuilder-theme/resource/css/print.css
strip_url	it-builder/case/case0001259/index-from-root-p1259.html:59	https://info.it-builder.jp/app/portal/sampleAP?ID=01	
force_replace	it-builder/case/case0001250/index-from-root-p1250.html:34	/it-builder/wp-content/themes/itbuilder-theme/resource/css/common.css%3F=1.2.2.css	/it-builder/wp-content/themes/itbuilder-theme/resource/css/common.css
force_replace	it-builder/case/case0001250/index-from-root-p1250.html:35	/it-builder/wp-content/themes/itbuilder-theme/resource/css/print.css%3Fvar=0.1.css	/it-builder/wp-content/themes/itbuilder-theme/resource/css/print.css
strip_url	it-builder/case/case0001250/index-from-root-p1250.html:59	https://info.it-builder.jp/app/portal/sampleAP?ID=04	
force_replace	it-builder/case/case0001250/index.html:34	/it-builder/wp-content/themes/itbuilder-theme/resource/css/common.css%3F=1.2.2.css	/it-builder/wp-content/themes/itbuilder-theme/resource/css/common.css
force_replace	it-builder/case/case0001250/index.html:35	/it-builder/wp-content/themes/itbuilder-theme/resource/css/print.css%3Fvar=0.1.css	/it-builder/wp-content/themes/itbuilder-theme/resource/css/print.css
strip_url	it-builder/case/case0001250/index.html:59	https://info.it-builder.jp/app/portal/sampleAP?ID=04	
strip_url	it-builder/wp-content/themes/itbuilder-theme/resource/css/top.css?=1.0.1.css:1	https://fonts.googleapis.com/css?family=Barlow:400,500,600	
strip_url	it-builder/wp-content/themes/itbuilder-theme/resource/css/common.css?=1.2.2.css:2	https://fonts.googleapis.com/css?family=Barlow:400,500,600	
