⚪ Orphan: ./index.html?p=10.html -> _orphans/p-10.html
⚪ Orphan: ./index.html?p=11.html -> _orphans/p-11.html
🟡 Keep-as-alt: ./index.html?p=1164.html -> case/case0001164/index-from-root-p1164.html
🟡 Keep-as-alt: ./index.html?p=1171.html -> case/case0001171/index-from-root-p1171.html
🟡 Keep-as-alt: ./index.html?p=1174.html -> case/case0001174/index-from-root-p1174.html
🟡 Keep-as-alt: ./index.html?p=1178.html -> case/case0001178/index-from-root-p1178.html
🟡 Keep-as-alt: ./index.html?p=1181.html -> case/case0001181/index-from-root-p1181.html
🟡 Keep-as-alt: ./index.html?p=1187.html -> case/case0001187/index-from-root-p1187.html
🟡 Keep-as-alt: ./index.html?p=1190.html -> case/case0001190/index-from-root-p1190.html
🟡 Keep-as-alt: ./index.html?p=1193.html -> case/case0001193/index-from-root-p1193.html
🟡 Keep-as-alt: ./index.html?p=1196.html -> case/case0001196/index-from-root-p1196.html
⚪ Orphan: ./index.html?p=12.html -> _orphans/p-12.html
🟡 Keep-as-alt: ./index.html?p=1202.html -> case/case0001202/index-from-root-p1202.html
🟡 Keep-as-alt: ./index.html?p=1205.html -> case/case0001205/index-from-root-p1205.html
🟡 Keep-as-alt: ./index.html?p=1208.html -> case/case0001208/index-from-root-p1208.html
🟡 Keep-as-alt: ./index.html?p=1211.html -> case/case0001211/index-from-root-p1211.html
🟡 Keep-as-alt: ./index.html?p=1217.html -> case/case0001217/index-from-root-p1217.html
🟡 Keep-as-alt: ./index.html?p=1220.html -> case/case0001220/index-from-root-p1220.html
🟡 Keep-as-alt: ./index.html?p=1223.html -> case/case0001223/index-from-root-p1223.html
🟡 Keep-as-alt: ./index.html?p=1226.html -> case/case0001226/index-from-root-p1226.html
🟡 Keep-as-alt: ./index.html?p=1232.html -> case/case0001232/index-from-root-p1232.html
🟡 Keep-as-alt: ./index.html?p=1235.html -> case/case0001235/index-from-root-p1235.html
🟡 Keep-as-alt: ./index.html?p=1238.html -> case/case0001238/index-from-root-p1238.html
🟡 Keep-as-alt: ./index.html?p=1241.html -> case0001241/index-from-root-p1241.html
🟡 Keep-as-alt: ./index.html?p=1244.html -> case/case0001244/index-from-root-p1244.html
🟡 Keep-as-alt: ./index.html?p=1247.html -> case/case0001247/index-from-root-p1247.html
🟡 Keep-as-alt: ./index.html?p=1250.html -> case/case0001250/index-from-root-p1250.html
🟡 Keep-as-alt: ./index.html?p=1253.html -> case/case0001253/index-from-root-p1253.html
🟡 Keep-as-alt: ./index.html?p=1256.html -> case/case0001256/index-from-root-p1256.html
🟡 Keep-as-alt: ./index.html?p=1259.html -> case/case0001259/index-from-root-p1259.html
⚪ Orphan: ./index.html?p=13.html -> _orphans/p-13.html
⚪ Orphan: ./index.html?p=192.html -> _orphans/p-192.html
⚪ Orphan: ./index.html?p=193.html -> _orphans/p-193.html
⚪ Orphan: ./index.html?p=194.html -> _orphans/p-194.html
⚪ Orphan: ./index.html?p=195.html -> _orphans/p-195.html
⚪ Orphan: ./index.html?p=198.html -> _orphans/p-198.html
🟡 Keep-as-alt: ./index.html?p=2436.html -> news/news0002436/index-from-root-p2436.html
🟡 Keep-as-alt: ./index.html?p=2440.html -> news/news0002440/index-from-root-p2440.html
🟡 Keep-as-alt: ./index.html?p=2443.html -> news/news0002443/index-from-root-p2443.html
🟡 Keep-as-alt: ./index.html?p=2446.html -> news/news0002446/index-from-root-p2446.html
🟡 Keep-as-alt: ./index.html?p=2449.html -> news/news0002449/index-from-root-p2449.html
🟡 Keep-as-alt: ./index.html?p=2452.html -> news/news0002452/index-from-root-p2452.html
🟡 Keep-as-alt: ./index.html?p=2456.html -> news/news0002456/index-from-root-p2456.html
🟡 Keep-as-alt: ./index.html?p=2459.html -> news/news0002459/index-from-root-p2459.html
🟡 Keep-as-alt: ./index.html?p=2462.html -> news/news0002462/index-from-root-p2462.html
🟡 Keep-as-alt: ./index.html?p=2465.html -> news/news0002465/index-from-root-p2465.html
🟡 Keep-as-alt: ./index.html?p=2475.html -> news/news0002475/index-from-root-p2475.html
⚪ Orphan: ./index.html?p=250.html -> _orphans/p-250.html
🟡 Keep-as-alt: ./index.html?p=3124.html -> news/news0003124/index-from-root-p3124.html
🟡 Keep-as-alt: ./index.html?p=3138.html -> news/news0003138/index-from-root-p3138.html
⚪ Orphan: ./index.html?p=330.html -> _orphans/p-330.html
🟡 Keep-as-alt: ./index.html?p=3305.html -> news/news0003305/index-from-root-p3305.html
🟡 Keep-as-alt: ./index.html?p=3337.html -> news/news0003337/index-from-root-p3337.html
🟡 Keep-as-alt: ./index.html?p=3367.html -> news/news0003367/index-from-root-p3367.html
🟡 Keep-as-alt: ./index.html?p=3379.html -> news/news0003379/index-from-root-p3379.html
🟡 Keep-as-alt: ./index.html?p=3402.html -> news/news0003402/index-from-root-p3402.html
🟡 Keep-as-alt: ./index.html?p=3409.html -> news/news0003409/index-from-root-p3409.html
🟡 Keep-as-alt: ./index.html?p=3417.html -> news/news0003417/index-from-root-p3417.html
🟡 Keep-as-alt: ./index.html?p=3465.html -> news/news0003465/index-from-root-p3465.html
🟡 Keep-as-alt: ./index.html?p=3497.html -> news/news0003497/index-from-root-p3497.html
🟡 Keep-as-alt: ./index.html?p=3515.html -> news/news0003515/index-from-root-p3515.html
🟡 Keep-as-alt: ./index.html?p=3523.html -> news/news0003523/index-from-root-p3523.html
🟡 Keep-as-alt: ./index.html?p=3535.html -> news/news0003535/index-from-root-p3535.html
🟡 Keep-as-alt: ./index.html?p=3566.html -> news/news0003566/index-from-root-p3566.html
🟡 Keep-as-alt: ./index.html?p=3588.html -> news/news0003588/index-from-root-p3588.html
🟡 Keep-as-alt: ./index.html?p=3604.html -> news/news0003604/index-from-root-p3604.html
🟡 Keep-as-alt: ./index.html?p=3625.html -> news/news0003625/index-from-root-p3625.html
🟡 Keep-as-alt: ./index.html?p=3704.html -> news/news0003704/index-from-root-p3704.html
⚪ Orphan: ./index.html?p=39.html -> _orphans/p-39.html
🟡 Keep-as-alt: ./index.html?p=3978.html -> news/news0003978/index-from-root-p3978.html
🟡 Keep-as-alt: ./index.html?p=4074.html -> news/news0004074/index-from-root-p4074.html
🟡 Keep-as-alt: ./index.html?p=4103.html -> news/news0004103/index-from-root-p4103.html
🟡 Keep-as-alt: ./index.html?p=4167.html -> news/news0004167/index-from-root-p4167.html
🟡 Keep-as-alt: ./index.html?p=4203.html -> news/news0004203/index-from-root-p4203.html
🟡 Keep-as-alt: ./index.html?p=4266.html -> news/news0004266/index-from-root-p4266.html
🟡 Keep-as-alt: ./index.html?p=4327.html -> news/news0004327/index-from-root-p4327.html
⚪ Orphan: ./index.html?p=4339.html -> _orphans/p-4339.html
⚪ Orphan: ./index.html?p=564.html -> _orphans/p-564.html
⚪ Orphan: ./index.html?p=621.html -> _orphans/p-621.html
⚪ Orphan: ./index.html?p=8.html -> _orphans/p-8.html
⚪ Orphan: ./index.html?p=9.html -> _orphans/p-9.html
---- DONE ----
