it-builder/2022/index.html:5:    <script async src="https://www.googletagmanager.com/gtag/js?id=G-D733JDSWR7"></script>
it-builder/2024/index.html:5:    <script async src="https://www.googletagmanager.com/gtag/js?id=G-D733JDSWR7"></script>
it-builder/2023/index.html:5:    <script async src="https://www.googletagmanager.com/gtag/js?id=G-D733JDSWR7"></script>
it-builder/case0001241/index.html:5:    <script async src="https://www.googletagmanager.com/gtag/js?id=G-D733JDSWR7"></script>
it-builder/case0001241/index.html:59:                  <a href="https://info.it-builder.jp/app/portal/sampleAP?ID=07" target="_blank" class="downloadBtn">サンプルアプリダウンロード</a>
it-builder/index.html:5:    <script async src="https://www.googletagmanager.com/gtag/js?id=G-D733JDSWR7"></script>
it-builder/index.html:878:          <iframe loading="lazy" width="558" height="314" src="https://www.youtube.com/embed/1en-XdtfA80?rel=0" frameborder="0" allow="autoplay; encrypted-media" allowfullscreen></iframe>
it-builder/index.html:910:          <iframe loading="lazy" width="558" height="314" src="https://www.youtube.com/embed/WJ5HBYauscA?rel=0" frameborder="0" allow="autoplay; encrypted-media" allowfullscreen></iframe>
it-builder/index.html:938:          <iframe loading="lazy" width="558" height="314" src="https://www.youtube.com/embed/VFx8fwCLBSo?rel=0" frameborder="0" allow="autoplay; encrypted-media" allowfullscreen></iframe>
it-builder/index.html:969:          <iframe loading="lazy" width="558" height="314" src="https://www.youtube.com/embed/PHMGo6nR0j4?rel=0" frameborder="0" allow="autoplay; encrypted-media" allowfullscreen></iframe>
it-builder/sitepolicy/index.html:5:    <script async src="https://www.googletagmanager.com/gtag/js?id=G-D733JDSWR7"></script>
it-builder/join/index.html:5:    <script async src="https://www.googletagmanager.com/gtag/js?id=G-D733JDSWR7"></script>
it-builder/_orphans/p-10.html:5:    <script async src="https://www.googletagmanager.com/gtag/js?id=G-D733JDSWR7"></script>
it-builder/_orphans/p-10.html:629:          <iframe loading="lazy" width="558" height="314" src="https://www.youtube.com/embed/1en-XdtfA80?rel=0" frameborder="0" allow="autoplay; encrypted-media" allowfullscreen></iframe>
it-builder/_orphans/p-10.html:661:          <iframe loading="lazy" width="558" height="314" src="https://www.youtube.com/embed/WJ5HBYauscA?rel=0" frameborder="0" allow="autoplay; encrypted-media" allowfullscreen></iframe>
it-builder/_orphans/p-10.html:689:          <iframe loading="lazy" width="558" height="314" src="https://www.youtube.com/embed/VFx8fwCLBSo?rel=0" frameborder="0" allow="autoplay; encrypted-media" allowfullscreen></iframe>
it-builder/_orphans/p-10.html:720:          <iframe loading="lazy" width="558" height="314" src="https://www.youtube.com/embed/PHMGo6nR0j4?rel=0" frameborder="0" allow="autoplay; encrypted-media" allowfullscreen></iframe>
it-builder/_orphans/p-11.html:5:    <script async src="https://www.googletagmanager.com/gtag/js?id=G-D733JDSWR7"></script>
it-builder/_orphans/p-250.html:5:    <script async src="https://www.googletagmanager.com/gtag/js?id=G-D733JDSWR7"></script>
it-builder/_orphans/p-9.html:5:    <script async src="https://www.googletagmanager.com/gtag/js?id=G-D733JDSWR7"></script>
it-builder/_orphans/p-564.html:5:    <script async src="https://www.googletagmanager.com/gtag/js?id=G-D733JDSWR7"></script>
it-builder/_orphans/p-4339.html:5:    <script async src="https://www.googletagmanager.com/gtag/js?id=G-D733JDSWR7"></script>
it-builder/_orphans/p-621.html:5:    <script async src="https://www.googletagmanager.com/gtag/js?id=G-D733JDSWR7"></script>
it-builder/_orphans/p-8.html:5:    <script async src="https://www.googletagmanager.com/gtag/js?id=G-D733JDSWR7"></script>
it-builder/_orphans/p-194.html:5:    <script async src="https://www.googletagmanager.com/gtag/js?id=G-D733JDSWR7"></script>
it-builder/_orphans/p-198.html:5:    <script async src="https://www.googletagmanager.com/gtag/js?id=G-D733JDSWR7"></script>
it-builder/_orphans/p-195.html:5:    <script async src="https://www.googletagmanager.com/gtag/js?id=G-D733JDSWR7"></script>
it-builder/_orphans/p-39.html:5:    <script async src="https://www.googletagmanager.com/gtag/js?id=G-D733JDSWR7"></script>
it-builder/_orphans/p-192.html:5:    <script async src="https://www.googletagmanager.com/gtag/js?id=G-D733JDSWR7"></script>
it-builder/_orphans/p-12.html:5:    <script async src="https://www.googletagmanager.com/gtag/js?id=G-D733JDSWR7"></script>
it-builder/_orphans/p-193.html:5:    <script async src="https://www.googletagmanager.com/gtag/js?id=G-D733JDSWR7"></script>
it-builder/_orphans/p-193.html:137:                  <iframe src="https://www.youtube.com/embed/j_feKEqrGhY?rel=0" allow="autoplay; encrypted-media" class="video__iframe" allowfullscreen></iframe>
it-builder/_orphans/p-13.html:5:    <script async src="https://www.googletagmanager.com/gtag/js?id=G-D733JDSWR7"></script>
it-builder/_orphans/p-330.html:5:    <script async src="https://www.googletagmanager.com/gtag/js?id=G-D733JDSWR7"></script>
it-builder/faq/index.html:5:    <script async src="https://www.googletagmanager.com/gtag/js?id=G-D733JDSWR7"></script>
it-builder/sitemap/index.html:5:    <script async src="https://www.googletagmanager.com/gtag/js?id=G-D733JDSWR7"></script>
it-builder/user/index.html:5:    <script async src="https://www.googletagmanager.com/gtag/js?id=G-D733JDSWR7"></script>
it-builder/user/faq/index.html:5:    <script async src="https://www.googletagmanager.com/gtag/js?id=G-D733JDSWR7"></script>
it-builder/user/download/index.html:5:    <script async src="https://www.googletagmanager.com/gtag/js?id=G-D733JDSWR7"></script>
it-builder/about/index.html:5:    <script async src="https://www.googletagmanager.com/gtag/js?id=G-D733JDSWR7"></script>
it-builder/about/index.html:629:          <iframe loading="lazy" width="558" height="314" src="https://www.youtube.com/embed/1en-XdtfA80?rel=0" frameborder="0" allow="autoplay; encrypted-media" allowfullscreen></iframe>
it-builder/about/index.html:661:          <iframe loading="lazy" width="558" height="314" src="https://www.youtube.com/embed/WJ5HBYauscA?rel=0" frameborder="0" allow="autoplay; encrypted-media" allowfullscreen></iframe>
it-builder/about/index.html:689:          <iframe loading="lazy" width="558" height="314" src="https://www.youtube.com/embed/VFx8fwCLBSo?rel=0" frameborder="0" allow="autoplay; encrypted-media" allowfullscreen></iframe>
it-builder/about/index.html:720:          <iframe loading="lazy" width="558" height="314" src="https://www.youtube.com/embed/PHMGo6nR0j4?rel=0" frameborder="0" allow="autoplay; encrypted-media" allowfullscreen></iframe>
it-builder/about/advanced_case/index.html:5:    <script async src="https://www.googletagmanager.com/gtag/js?id=G-D733JDSWR7"></script>
it-builder/about/requirements/index.html:5:    <script async src="https://www.googletagmanager.com/gtag/js?id=G-D733JDSWR7"></script>
it-builder/about/how_to_make/index.html:5:    <script async src="https://www.googletagmanager.com/gtag/js?id=G-D733JDSWR7"></script>
it-builder/about/how_to_make/index.html:137:                  <iframe src="https://www.youtube.com/embed/j_feKEqrGhY?rel=0" allow="autoplay; encrypted-media" class="video__iframe" allowfullscreen></iframe>
it-builder/about/parts/index.html:5:    <script async src="https://www.googletagmanager.com/gtag/js?id=G-D733JDSWR7"></script>
it-builder/about/data/index.html:5:    <script async src="https://www.googletagmanager.com/gtag/js?id=G-D733JDSWR7"></script>
it-builder/about/reason/index.html:5:    <script async src="https://www.googletagmanager.com/gtag/js?id=G-D733JDSWR7"></script>
it-builder/installation/index.html:5:    <script async src="https://www.googletagmanager.com/gtag/js?id=G-D733JDSWR7"></script>
it-builder/installation/meisin/index.html:5:    <script async src="https://www.googletagmanager.com/gtag/js?id=G-D733JDSWR7"></script>
it-builder/2017/index.html:5:    <script async src="https://www.googletagmanager.com/gtag/js?id=G-D733JDSWR7"></script>
it-builder/2019/index.html:5:    <script async src="https://www.googletagmanager.com/gtag/js?id=G-D733JDSWR7"></script>
it-builder/2020/index.html:5:    <script async src="https://www.googletagmanager.com/gtag/js?id=G-D733JDSWR7"></script>
it-builder/2018/index.html:5:    <script async src="https://www.googletagmanager.com/gtag/js?id=G-D733JDSWR7"></script>
it-builder/price/index.html:5:    <script async src="https://www.googletagmanager.com/gtag/js?id=G-D733JDSWR7"></script>
it-builder/2016/index.html:5:    <script async src="https://www.googletagmanager.com/gtag/js?id=G-D733JDSWR7"></script>
it-builder/news/news0003465/index.html:5:    <script async src="https://www.googletagmanager.com/gtag/js?id=G-D733JDSWR7"></script>
it-builder/news/news0003465/index-from-root-p3465.html:5:    <script async src="https://www.googletagmanager.com/gtag/js?id=G-D733JDSWR7"></script>
it-builder/news/news0003409/index.html:5:    <script async src="https://www.googletagmanager.com/gtag/js?id=G-D733JDSWR7"></script>
it-builder/news/news0003409/index-from-root-p3409.html:5:    <script async src="https://www.googletagmanager.com/gtag/js?id=G-D733JDSWR7"></script>
it-builder/news/news0003604/index.html:5:    <script async src="https://www.googletagmanager.com/gtag/js?id=G-D733JDSWR7"></script>
it-builder/news/news0003604/index-from-root-p3604.html:5:    <script async src="https://www.googletagmanager.com/gtag/js?id=G-D733JDSWR7"></script>
it-builder/news/news0004074/index.html:5:    <script async src="https://www.googletagmanager.com/gtag/js?id=G-D733JDSWR7"></script>
it-builder/news/news0004074/index-from-root-p4074.html:5:    <script async src="https://www.googletagmanager.com/gtag/js?id=G-D733JDSWR7"></script>
it-builder/news/news0003497/index.html:5:    <script async src="https://www.googletagmanager.com/gtag/js?id=G-D733JDSWR7"></script>
it-builder/news/news0003497/index-from-root-p3497.html:5:    <script async src="https://www.googletagmanager.com/gtag/js?id=G-D733JDSWR7"></script>
it-builder/news/index.html:5:    <script async src="https://www.googletagmanager.com/gtag/js?id=G-D733JDSWR7"></script>
it-builder/news/news0002452/index.html:5:    <script async src="https://www.googletagmanager.com/gtag/js?id=G-D733JDSWR7"></script>
it-builder/news/news0002452/index-from-root-p2452.html:5:    <script async src="https://www.googletagmanager.com/gtag/js?id=G-D733JDSWR7"></script>
it-builder/news/news0003978/index.html:5:    <script async src="https://www.googletagmanager.com/gtag/js?id=G-D733JDSWR7"></script>
it-builder/news/news0003978/index-from-root-p3978.html:5:    <script async src="https://www.googletagmanager.com/gtag/js?id=G-D733JDSWR7"></script>
it-builder/news/news0002462/index.html:5:    <script async src="https://www.googletagmanager.com/gtag/js?id=G-D733JDSWR7"></script>
it-builder/news/news0002462/index-from-root-p2462.html:5:    <script async src="https://www.googletagmanager.com/gtag/js?id=G-D733JDSWR7"></script>
it-builder/news/news0002465/index.html:5:    <script async src="https://www.googletagmanager.com/gtag/js?id=G-D733JDSWR7"></script>
it-builder/news/news0002465/index-from-root-p2465.html:5:    <script async src="https://www.googletagmanager.com/gtag/js?id=G-D733JDSWR7"></script>
it-builder/news/news0003588/index.html:5:    <script async src="https://www.googletagmanager.com/gtag/js?id=G-D733JDSWR7"></script>
it-builder/news/news0003588/index-from-root-p3588.html:5:    <script async src="https://www.googletagmanager.com/gtag/js?id=G-D733JDSWR7"></script>
it-builder/news/news0003379/index.html:5:    <script async src="https://www.googletagmanager.com/gtag/js?id=G-D733JDSWR7"></script>
it-builder/news/news0003379/index-from-root-p3379.html:5:    <script async src="https://www.googletagmanager.com/gtag/js?id=G-D733JDSWR7"></script>
it-builder/news/news0002436/index.html:5:    <script async src="https://www.googletagmanager.com/gtag/js?id=G-D733JDSWR7"></script>
it-builder/news/news0002436/index-from-root-p2436.html:5:    <script async src="https://www.googletagmanager.com/gtag/js?id=G-D733JDSWR7"></script>
it-builder/news/news0003535/index.html:5:    <script async src="https://www.googletagmanager.com/gtag/js?id=G-D733JDSWR7"></script>
it-builder/news/news0003535/index-from-root-p3535.html:5:    <script async src="https://www.googletagmanager.com/gtag/js?id=G-D733JDSWR7"></script>
it-builder/news/news0003337/index.html:5:    <script async src="https://www.googletagmanager.com/gtag/js?id=G-D733JDSWR7"></script>
it-builder/news/news0003337/index-from-root-p3337.html:5:    <script async src="https://www.googletagmanager.com/gtag/js?id=G-D733JDSWR7"></script>
it-builder/news/news0002440/index.html:5:    <script async src="https://www.googletagmanager.com/gtag/js?id=G-D733JDSWR7"></script>
it-builder/news/news0002440/index-from-root-p2440.html:5:    <script async src="https://www.googletagmanager.com/gtag/js?id=G-D733JDSWR7"></script>
it-builder/news/news0003566/index.html:5:    <script async src="https://www.googletagmanager.com/gtag/js?id=G-D733JDSWR7"></script>
it-builder/news/news0003566/index-from-root-p3566.html:5:    <script async src="https://www.googletagmanager.com/gtag/js?id=G-D733JDSWR7"></script>
it-builder/news/news0004327/index.html:5:    <script async src="https://www.googletagmanager.com/gtag/js?id=G-D733JDSWR7"></script>
it-builder/news/news0002449/index.html:5:    <script async src="https://www.googletagmanager.com/gtag/js?id=G-D733JDSWR7"></script>
it-builder/news/news0002449/index-from-root-p2449.html:5:    <script async src="https://www.googletagmanager.com/gtag/js?id=G-D733JDSWR7"></script>
it-builder/news/news0002446/index-from-root-p2446.html:5:    <script async src="https://www.googletagmanager.com/gtag/js?id=G-D733JDSWR7"></script>
it-builder/news/news0002446/index.html:5:    <script async src="https://www.googletagmanager.com/gtag/js?id=G-D733JDSWR7"></script>
it-builder/news/news0003402/index.html:5:    <script async src="https://www.googletagmanager.com/gtag/js?id=G-D733JDSWR7"></script>
it-builder/news/news0003402/index-from-root-p3402.html:5:    <script async src="https://www.googletagmanager.com/gtag/js?id=G-D733JDSWR7"></script>
it-builder/news/news0003523/index.html:5:    <script async src="https://www.googletagmanager.com/gtag/js?id=G-D733JDSWR7"></script>
it-builder/news/news0003523/index-from-root-p3523.html:5:    <script async src="https://www.googletagmanager.com/gtag/js?id=G-D733JDSWR7"></script>
it-builder/news/news0003515/index.html:5:    <script async src="https://www.googletagmanager.com/gtag/js?id=G-D733JDSWR7"></script>
it-builder/news/news0003515/index-from-root-p3515.html:5:    <script async src="https://www.googletagmanager.com/gtag/js?id=G-D733JDSWR7"></script>
it-builder/news/news0004103/index.html:5:    <script async src="https://www.googletagmanager.com/gtag/js?id=G-D733JDSWR7"></script>
it-builder/news/news0004103/index-from-root-p4103.html:5:    <script async src="https://www.googletagmanager.com/gtag/js?id=G-D733JDSWR7"></script>
it-builder/news/news0002456/index.html:5:    <script async src="https://www.googletagmanager.com/gtag/js?id=G-D733JDSWR7"></script>
it-builder/news/news0002456/index-from-root-p2456.html:5:    <script async src="https://www.googletagmanager.com/gtag/js?id=G-D733JDSWR7"></script>
it-builder/news/news0004167/index.html:5:    <script async src="https://www.googletagmanager.com/gtag/js?id=G-D733JDSWR7"></script>
it-builder/news/news0004167/index-from-root-p4167.html:5:    <script async src="https://www.googletagmanager.com/gtag/js?id=G-D733JDSWR7"></script>
it-builder/news/news0003124/index.html:5:    <script async src="https://www.googletagmanager.com/gtag/js?id=G-D733JDSWR7"></script>
it-builder/news/news0003124/index-from-root-p3124.html:5:    <script async src="https://www.googletagmanager.com/gtag/js?id=G-D733JDSWR7"></script>
it-builder/news/news0002459/index.html:5:    <script async src="https://www.googletagmanager.com/gtag/js?id=G-D733JDSWR7"></script>
it-builder/news/news0002459/index-from-root-p2459.html:5:    <script async src="https://www.googletagmanager.com/gtag/js?id=G-D733JDSWR7"></script>
it-builder/news/news0002443/index.html:5:    <script async src="https://www.googletagmanager.com/gtag/js?id=G-D733JDSWR7"></script>
it-builder/news/news0002443/index-from-root-p2443.html:5:    <script async src="https://www.googletagmanager.com/gtag/js?id=G-D733JDSWR7"></script>
it-builder/news/news0002475/index.html:5:    <script async src="https://www.googletagmanager.com/gtag/js?id=G-D733JDSWR7"></script>
it-builder/news/news0002475/index-from-root-p2475.html:5:    <script async src="https://www.googletagmanager.com/gtag/js?id=G-D733JDSWR7"></script>
it-builder/news/news0003305/index.html:5:    <script async src="https://www.googletagmanager.com/gtag/js?id=G-D733JDSWR7"></script>
it-builder/news/news0003305/index-from-root-p3305.html:5:    <script async src="https://www.googletagmanager.com/gtag/js?id=G-D733JDSWR7"></script>
it-builder/news/news0003704/index.html:5:    <script async src="https://www.googletagmanager.com/gtag/js?id=G-D733JDSWR7"></script>
it-builder/news/news0003704/index-from-root-p3704.html:5:    <script async src="https://www.googletagmanager.com/gtag/js?id=G-D733JDSWR7"></script>
it-builder/news/news0003367/index.html:5:    <script async src="https://www.googletagmanager.com/gtag/js?id=G-D733JDSWR7"></script>
it-builder/news/news0003367/index-from-root-p3367.html:5:    <script async src="https://www.googletagmanager.com/gtag/js?id=G-D733JDSWR7"></script>
it-builder/news/news0003138/index.html:5:    <script async src="https://www.googletagmanager.com/gtag/js?id=G-D733JDSWR7"></script>
it-builder/news/news0003138/index-from-root-p3138.html:5:    <script async src="https://www.googletagmanager.com/gtag/js?id=G-D733JDSWR7"></script>
it-builder/news/news0004203/index.html:5:    <script async src="https://www.googletagmanager.com/gtag/js?id=G-D733JDSWR7"></script>
it-builder/news/news0004203/index-from-root-p4203.html:5:    <script async src="https://www.googletagmanager.com/gtag/js?id=G-D733JDSWR7"></script>
it-builder/news/news0004266/index.html:5:    <script async src="https://www.googletagmanager.com/gtag/js?id=G-D733JDSWR7"></script>
it-builder/news/news0004266/index-from-root-p4266.html:5:    <script async src="https://www.googletagmanager.com/gtag/js?id=G-D733JDSWR7"></script>
it-builder/news/news0003625/index.html:5:    <script async src="https://www.googletagmanager.com/gtag/js?id=G-D733JDSWR7"></script>
it-builder/news/news0003625/index-from-root-p3625.html:5:    <script async src="https://www.googletagmanager.com/gtag/js?id=G-D733JDSWR7"></script>
it-builder/news/news0003417/index.html:5:    <script async src="https://www.googletagmanager.com/gtag/js?id=G-D733JDSWR7"></script>
it-builder/news/news0003417/index-from-root-p3417.html:5:    <script async src="https://www.googletagmanager.com/gtag/js?id=G-D733JDSWR7"></script>
it-builder/case/case0001247/index-from-root-p1247.html:5:    <script async src="https://www.googletagmanager.com/gtag/js?id=G-D733JDSWR7"></script>
it-builder/case/case0001247/index-from-root-p1247.html:59:                  <a href="https://info.it-builder.jp/app/portal/sampleAP?ID=05" target="_blank" class="downloadBtn">サンプルアプリダウンロード</a>
it-builder/case/case0001247/index.html:5:    <script async src="https://www.googletagmanager.com/gtag/js?id=G-D733JDSWR7"></script>
it-builder/case/case0001247/index.html:59:                  <a href="https://info.it-builder.jp/app/portal/sampleAP?ID=05" target="_blank" class="downloadBtn">サンプルアプリダウンロード</a>
it-builder/case/case0001223/index.html:5:    <script async src="https://www.googletagmanager.com/gtag/js?id=G-D733JDSWR7"></script>
it-builder/case/case0001223/index.html:59:                  <a href="https://info.it-builder.jp/app/portal/sampleAP?ID=13" target="_blank" class="downloadBtn">サンプルアプリダウンロード</a>
it-builder/case/case0001223/index.html:127:                  <iframe src="https://www.youtube.com/embed/VFx8fwCLBSo?rel=0" allow="autoplay; encrypted-media" class="video__iframe" allowfullscreen></iframe>
it-builder/case/case0001223/index-from-root-p1223.html:5:    <script async src="https://www.googletagmanager.com/gtag/js?id=G-D733JDSWR7"></script>
it-builder/case/case0001223/index-from-root-p1223.html:59:                  <a href="https://info.it-builder.jp/app/portal/sampleAP?ID=13" target="_blank" class="downloadBtn">サンプルアプリダウンロード</a>
it-builder/case/case0001223/index-from-root-p1223.html:127:                  <iframe src="https://www.youtube.com/embed/VFx8fwCLBSo?rel=0" allow="autoplay; encrypted-media" class="video__iframe" allowfullscreen></iframe>
it-builder/case/index.html:5:    <script async src="https://www.googletagmanager.com/gtag/js?id=G-D733JDSWR7"></script>
it-builder/case/case0001164/index.html:5:    <script async src="https://www.googletagmanager.com/gtag/js?id=G-D733JDSWR7"></script>
it-builder/case/case0001164/index-from-root-p1164.html:5:    <script async src="https://www.googletagmanager.com/gtag/js?id=G-D733JDSWR7"></script>
it-builder/case/case0001190/index.html:5:    <script async src="https://www.googletagmanager.com/gtag/js?id=G-D733JDSWR7"></script>
it-builder/case/case0001190/index.html:63:                  <a href="https://info.it-builder.jp/app/portal/sampleAP?ID=23" target="_blank" class="downloadBtn">サンプルアプリダウンロード</a>
it-builder/case/case0001190/index-from-root-p1190.html:5:    <script async src="https://www.googletagmanager.com/gtag/js?id=G-D733JDSWR7"></script>
it-builder/case/case0001190/index-from-root-p1190.html:63:                  <a href="https://info.it-builder.jp/app/portal/sampleAP?ID=23" target="_blank" class="downloadBtn">サンプルアプリダウンロード</a>
it-builder/case/case0001196/index-from-root-p1196.html:5:    <script async src="https://www.googletagmanager.com/gtag/js?id=G-D733JDSWR7"></script>
it-builder/case/case0001196/index-from-root-p1196.html:59:                  <a href="https://info.it-builder.jp/app/portal/sampleAP?ID=21" target="_blank" class="downloadBtn">サンプルアプリダウンロード</a>
it-builder/case/case0001196/index.html:5:    <script async src="https://www.googletagmanager.com/gtag/js?id=G-D733JDSWR7"></script>
it-builder/case/case0001196/index.html:59:                  <a href="https://info.it-builder.jp/app/portal/sampleAP?ID=21" target="_blank" class="downloadBtn">サンプルアプリダウンロード</a>
it-builder/case/case0001171/index.html:5:    <script async src="https://www.googletagmanager.com/gtag/js?id=G-D733JDSWR7"></script>
it-builder/case/case0001171/index.html:59:                  <a href="https://info.it-builder.jp/app/portal/sampleAP?ID=28" target="_blank" class="downloadBtn">サンプルアプリダウンロード</a>
it-builder/case/case0001171/index-from-root-p1171.html:5:    <script async src="https://www.googletagmanager.com/gtag/js?id=G-D733JDSWR7"></script>
it-builder/case/case0001171/index-from-root-p1171.html:59:                  <a href="https://info.it-builder.jp/app/portal/sampleAP?ID=28" target="_blank" class="downloadBtn">サンプルアプリダウンロード</a>
it-builder/case/case0001178/index.html:5:    <script async src="https://www.googletagmanager.com/gtag/js?id=G-D733JDSWR7"></script>
it-builder/case/case0001178/index.html:59:                  <a href="https://info.it-builder.jp/app/portal/sampleAP?ID=26" target="_blank" class="downloadBtn">サンプルアプリダウンロード</a>
it-builder/case/case0001178/index.html:115:                  <iframe src="https://www.youtube.com/embed/PHMGo6nR0j4?rel=0" allow="autoplay; encrypted-media" class="video__iframe" allowfullscreen></iframe>
it-builder/case/case0001178/index-from-root-p1178.html:5:    <script async src="https://www.googletagmanager.com/gtag/js?id=G-D733JDSWR7"></script>
it-builder/case/case0001178/index-from-root-p1178.html:59:                  <a href="https://info.it-builder.jp/app/portal/sampleAP?ID=26" target="_blank" class="downloadBtn">サンプルアプリダウンロード</a>
it-builder/case/case0001178/index-from-root-p1178.html:115:                  <iframe src="https://www.youtube.com/embed/PHMGo6nR0j4?rel=0" allow="autoplay; encrypted-media" class="video__iframe" allowfullscreen></iframe>
it-builder/case/case0001208/index.html:5:    <script async src="https://www.googletagmanager.com/gtag/js?id=G-D733JDSWR7"></script>
it-builder/case/case0001208/index.html:59:                  <a href="https://info.it-builder.jp/app/portal/sampleAP?ID=18" target="_blank" class="downloadBtn">サンプルアプリダウンロード</a>
it-builder/case/case0001208/index-from-root-p1208.html:5:    <script async src="https://www.googletagmanager.com/gtag/js?id=G-D733JDSWR7"></script>
it-builder/case/case0001208/index-from-root-p1208.html:59:                  <a href="https://info.it-builder.jp/app/portal/sampleAP?ID=18" target="_blank" class="downloadBtn">サンプルアプリダウンロード</a>
it-builder/case/case0001253/index.html:5:    <script async src="https://www.googletagmanager.com/gtag/js?id=G-D733JDSWR7"></script>
it-builder/case/case0001253/index.html:63:                  <a href="https://info.it-builder.jp/app/portal/sampleAP?ID=03" target="_blank" class="downloadBtn">サンプルアプリダウンロード</a>
it-builder/case/case0001253/index.html:135:                  <iframe src="https://www.youtube.com/embed/WJ5HBYauscA?rel=0" allow="autoplay; encrypted-media" class="video__iframe" allowfullscreen></iframe>
it-builder/case/case0001253/index-from-root-p1253.html:5:    <script async src="https://www.googletagmanager.com/gtag/js?id=G-D733JDSWR7"></script>
it-builder/case/case0001253/index-from-root-p1253.html:63:                  <a href="https://info.it-builder.jp/app/portal/sampleAP?ID=03" target="_blank" class="downloadBtn">サンプルアプリダウンロード</a>
it-builder/case/case0001253/index-from-root-p1253.html:135:                  <iframe src="https://www.youtube.com/embed/WJ5HBYauscA?rel=0" allow="autoplay; encrypted-media" class="video__iframe" allowfullscreen></iframe>
it-builder/case/case0001238/index.html:5:    <script async src="https://www.googletagmanager.com/gtag/js?id=G-D733JDSWR7"></script>
it-builder/case/case0001238/index.html:59:                  <a href="https://info.it-builder.jp/app/portal/sampleAP?ID=08" target="_blank" class="downloadBtn">サンプルアプリダウンロード</a>
it-builder/case/case0001238/index-from-root-p1238.html:5:    <script async src="https://www.googletagmanager.com/gtag/js?id=G-D733JDSWR7"></script>
it-builder/case/case0001238/index-from-root-p1238.html:59:                  <a href="https://info.it-builder.jp/app/portal/sampleAP?ID=08" target="_blank" class="downloadBtn">サンプルアプリダウンロード</a>
it-builder/case/case0001244/index.html:5:    <script async src="https://www.googletagmanager.com/gtag/js?id=G-D733JDSWR7"></script>
it-builder/case/case0001244/index.html:59:                  <a href="https://info.it-builder.jp/app/portal/sampleAP?ID=06" target="_blank" class="downloadBtn">サンプルアプリダウンロード</a>
it-builder/case/case0001244/index-from-root-p1244.html:5:    <script async src="https://www.googletagmanager.com/gtag/js?id=G-D733JDSWR7"></script>
it-builder/case/case0001244/index-from-root-p1244.html:59:                  <a href="https://info.it-builder.jp/app/portal/sampleAP?ID=06" target="_blank" class="downloadBtn">サンプルアプリダウンロード</a>
it-builder/case/case0001217/index.html:5:    <script async src="https://www.googletagmanager.com/gtag/js?id=G-D733JDSWR7"></script>
it-builder/case/case0001217/index.html:63:                  <a href="https://info.it-builder.jp/app/portal/sampleAP?ID=15" target="_blank" class="downloadBtn">サンプルアプリダウンロード</a>
it-builder/case/case0001217/index-from-root-p1217.html:5:    <script async src="https://www.googletagmanager.com/gtag/js?id=G-D733JDSWR7"></script>
it-builder/case/case0001217/index-from-root-p1217.html:63:                  <a href="https://info.it-builder.jp/app/portal/sampleAP?ID=15" target="_blank" class="downloadBtn">サンプルアプリダウンロード</a>
it-builder/case/case0001226/index.html:5:    <script async src="https://www.googletagmanager.com/gtag/js?id=G-D733JDSWR7"></script>
it-builder/case/case0001226/index.html:63:                  <a href="https://info.it-builder.jp/app/portal/sampleAP?ID=12" target="_blank" class="downloadBtn">サンプルアプリダウンロード</a>
it-builder/case/case0001226/index-from-root-p1226.html:5:    <script async src="https://www.googletagmanager.com/gtag/js?id=G-D733JDSWR7"></script>
it-builder/case/case0001226/index-from-root-p1226.html:63:                  <a href="https://info.it-builder.jp/app/portal/sampleAP?ID=12" target="_blank" class="downloadBtn">サンプルアプリダウンロード</a>
it-builder/case/case0001220/index.html:5:    <script async src="https://www.googletagmanager.com/gtag/js?id=G-D733JDSWR7"></script>
it-builder/case/case0001220/index.html:59:                  <a href="https://info.it-builder.jp/app/portal/sampleAP?ID=14" target="_blank" class="downloadBtn">サンプルアプリダウンロード</a>
it-builder/case/case0001220/index-from-root-p1220.html:5:    <script async src="https://www.googletagmanager.com/gtag/js?id=G-D733JDSWR7"></script>
it-builder/case/case0001220/index-from-root-p1220.html:59:                  <a href="https://info.it-builder.jp/app/portal/sampleAP?ID=14" target="_blank" class="downloadBtn">サンプルアプリダウンロード</a>
it-builder/case/case0001211/index-from-root-p1211.html:5:    <script async src="https://www.googletagmanager.com/gtag/js?id=G-D733JDSWR7"></script>
it-builder/case/case0001211/index-from-root-p1211.html:59:                  <a href="https://info.it-builder.jp/app/portal/sampleAP?ID=17" target="_blank" class="downloadBtn">サンプルアプリダウンロード</a>
it-builder/case/case0001211/index.html:5:    <script async src="https://www.googletagmanager.com/gtag/js?id=G-D733JDSWR7"></script>
it-builder/case/case0001211/index.html:59:                  <a href="https://info.it-builder.jp/app/portal/sampleAP?ID=17" target="_blank" class="downloadBtn">サンプルアプリダウンロード</a>
it-builder/case/case0001193/index.html:5:    <script async src="https://www.googletagmanager.com/gtag/js?id=G-D733JDSWR7"></script>
it-builder/case/case0001193/index.html:63:                  <a href="https://info.it-builder.jp/app/portal/sampleAP?ID=22" target="_blank" class="downloadBtn">サンプルアプリダウンロード</a>
it-builder/case/case0001193/index-from-root-p1193.html:5:    <script async src="https://www.googletagmanager.com/gtag/js?id=G-D733JDSWR7"></script>
it-builder/case/case0001193/index-from-root-p1193.html:63:                  <a href="https://info.it-builder.jp/app/portal/sampleAP?ID=22" target="_blank" class="downloadBtn">サンプルアプリダウンロード</a>
it-builder/case/case0001181/index-from-root-p1181.html:5:    <script async src="https://www.googletagmanager.com/gtag/js?id=G-D733JDSWR7"></script>
it-builder/case/case0001181/index-from-root-p1181.html:59:                  <a href="https://info.it-builder.jp/app/portal/sampleAP?ID=25" target="_blank" class="downloadBtn">サンプルアプリダウンロード</a>
it-builder/case/case0001181/index.html:5:    <script async src="https://www.googletagmanager.com/gtag/js?id=G-D733JDSWR7"></script>
it-builder/case/case0001181/index.html:59:                  <a href="https://info.it-builder.jp/app/portal/sampleAP?ID=25" target="_blank" class="downloadBtn">サンプルアプリダウンロード</a>
it-builder/case/case0001187/index.html:5:    <script async src="https://www.googletagmanager.com/gtag/js?id=G-D733JDSWR7"></script>
it-builder/case/case0001187/index.html:59:                  <a href="https://info.it-builder.jp/app/portal/sampleAP?ID=24" target="_blank" class="downloadBtn">サンプルアプリダウンロード</a>
it-builder/case/case0001187/index-from-root-p1187.html:5:    <script async src="https://www.googletagmanager.com/gtag/js?id=G-D733JDSWR7"></script>
it-builder/case/case0001187/index-from-root-p1187.html:59:                  <a href="https://info.it-builder.jp/app/portal/sampleAP?ID=24" target="_blank" class="downloadBtn">サンプルアプリダウンロード</a>
it-builder/case/case0001174/index.html:5:    <script async src="https://www.googletagmanager.com/gtag/js?id=G-D733JDSWR7"></script>
it-builder/case/case0001174/index.html:59:                  <a href="https://info.it-builder.jp/app/portal/sampleAP?ID=27" target="_blank" class="downloadBtn">サンプルアプリダウンロード</a>
it-builder/case/case0001174/index-from-root-p1174.html:5:    <script async src="https://www.googletagmanager.com/gtag/js?id=G-D733JDSWR7"></script>
it-builder/case/case0001174/index-from-root-p1174.html:59:                  <a href="https://info.it-builder.jp/app/portal/sampleAP?ID=27" target="_blank" class="downloadBtn">サンプルアプリダウンロード</a>
it-builder/case/case0001205/index.html:5:    <script async src="https://www.googletagmanager.com/gtag/js?id=G-D733JDSWR7"></script>
it-builder/case/case0001205/index.html:59:                  <a href="https://info.it-builder.jp/app/portal/sampleAP?ID=19" target="_blank" class="downloadBtn">サンプルアプリダウンロード</a>
it-builder/case/case0001205/index-from-root-p1205.html:5:    <script async src="https://www.googletagmanager.com/gtag/js?id=G-D733JDSWR7"></script>
it-builder/case/case0001205/index-from-root-p1205.html:59:                  <a href="https://info.it-builder.jp/app/portal/sampleAP?ID=19" target="_blank" class="downloadBtn">サンプルアプリダウンロード</a>
it-builder/case/case0001202/index.html:5:    <script async src="https://www.googletagmanager.com/gtag/js?id=G-D733JDSWR7"></script>
it-builder/case/case0001202/index.html:63:                  <a href="https://info.it-builder.jp/app/portal/sampleAP?ID=20" target="_blank" class="downloadBtn">サンプルアプリダウンロード</a>
it-builder/case/case0001202/index.html:127:                  <iframe src="https://www.youtube.com/embed/1en-XdtfA80?rel=0" allow="autoplay; encrypted-media" class="video__iframe" allowfullscreen></iframe>
it-builder/case/case0001202/index-from-root-p1202.html:5:    <script async src="https://www.googletagmanager.com/gtag/js?id=G-D733JDSWR7"></script>
it-builder/case/case0001202/index-from-root-p1202.html:63:                  <a href="https://info.it-builder.jp/app/portal/sampleAP?ID=20" target="_blank" class="downloadBtn">サンプルアプリダウンロード</a>
it-builder/case/case0001202/index-from-root-p1202.html:127:                  <iframe src="https://www.youtube.com/embed/1en-XdtfA80?rel=0" allow="autoplay; encrypted-media" class="video__iframe" allowfullscreen></iframe>
it-builder/case/case0001256/index.html:5:    <script async src="https://www.googletagmanager.com/gtag/js?id=G-D733JDSWR7"></script>
it-builder/case/case0001256/index.html:59:                  <a href="https://info.it-builder.jp/app/portal/sampleAP?ID=02" target="_blank" class="downloadBtn">サンプルアプリダウンロード</a>
it-builder/case/case0001256/index-from-root-p1256.html:5:    <script async src="https://www.googletagmanager.com/gtag/js?id=G-D733JDSWR7"></script>
it-builder/case/case0001256/index-from-root-p1256.html:59:                  <a href="https://info.it-builder.jp/app/portal/sampleAP?ID=02" target="_blank" class="downloadBtn">サンプルアプリダウンロード</a>
it-builder/case/case0001232/index.html:5:    <script async src="https://www.googletagmanager.com/gtag/js?id=G-D733JDSWR7"></script>
it-builder/case/case0001232/index.html:59:                  <a href="https://info.it-builder.jp/app/portal/sampleAP?ID=10" target="_blank" class="downloadBtn">サンプルアプリダウンロード</a>
it-builder/case/case0001232/index-from-root-p1232.html:5:    <script async src="https://www.googletagmanager.com/gtag/js?id=G-D733JDSWR7"></script>
it-builder/case/case0001232/index-from-root-p1232.html:59:                  <a href="https://info.it-builder.jp/app/portal/sampleAP?ID=10" target="_blank" class="downloadBtn">サンプルアプリダウンロード</a>
it-builder/case/case0001235/index.html:5:    <script async src="https://www.googletagmanager.com/gtag/js?id=G-D733JDSWR7"></script>
it-builder/case/case0001235/index.html:59:                  <a href="https://info.it-builder.jp/app/portal/sampleAP?ID=09" target="_blank" class="downloadBtn">サンプルアプリダウンロード</a>
it-builder/case/case0001235/index-from-root-p1235.html:5:    <script async src="https://www.googletagmanager.com/gtag/js?id=G-D733JDSWR7"></script>
it-builder/case/case0001235/index-from-root-p1235.html:59:                  <a href="https://info.it-builder.jp/app/portal/sampleAP?ID=09" target="_blank" class="downloadBtn">サンプルアプリダウンロード</a>
it-builder/case/case0001259/index.html:5:    <script async src="https://www.googletagmanager.com/gtag/js?id=G-D733JDSWR7"></script>
it-builder/case/case0001259/index.html:59:                  <a href="https://info.it-builder.jp/app/portal/sampleAP?ID=01" target="_blank" class="downloadBtn">サンプルアプリダウンロード</a>
it-builder/case/case0001259/index-from-root-p1259.html:5:    <script async src="https://www.googletagmanager.com/gtag/js?id=G-D733JDSWR7"></script>
it-builder/case/case0001259/index-from-root-p1259.html:59:                  <a href="https://info.it-builder.jp/app/portal/sampleAP?ID=01" target="_blank" class="downloadBtn">サンプルアプリダウンロード</a>
it-builder/case/case0001250/index-from-root-p1250.html:5:    <script async src="https://www.googletagmanager.com/gtag/js?id=G-D733JDSWR7"></script>
it-builder/case/case0001250/index-from-root-p1250.html:59:                  <a href="https://info.it-builder.jp/app/portal/sampleAP?ID=04" target="_blank" class="downloadBtn">サンプルアプリダウンロード</a>
it-builder/case/case0001250/index.html:5:    <script async src="https://www.googletagmanager.com/gtag/js?id=G-D733JDSWR7"></script>
it-builder/case/case0001250/index.html:59:                  <a href="https://info.it-builder.jp/app/portal/sampleAP?ID=04" target="_blank" class="downloadBtn">サンプルアプリダウンロード</a>
it-builder/wp-content/themes/itbuilder-theme/resource/css/top.css?=1.0.1.css:1:@import url('https://fonts.googleapis.com/css?family=Barlow:400,500,600');
it-builder/wp-content/themes/itbuilder-theme/resource/css/common.css?=1.2.2.css:2:@import url('https://fonts.googleapis.com/css?family=Barlow:400,500,600');
