[info] base=it-builder, apply=0
[dry-run] would rewrite: it-builder/2022/index.html?post_type=news.html (matches=8)
[dry-run] would rewrite: it-builder/2024/index.html?post_type=news.html (matches=8)
[dry-run] would rewrite: it-builder/2023/index.html?post_type=news.html (matches=8)
[dry-run] would rewrite: it-builder/2017/index.html?post_type=news.html (matches=8)
[dry-run] would rewrite: it-builder/2019/index.html?post_type=news.html (matches=8)
[dry-run] would rewrite: it-builder/2020/index.html?post_type=news.html (matches=8)
[dry-run] would rewrite: it-builder/2018/index.html?post_type=news.html (matches=8)
[dry-run] would rewrite: it-builder/2016/index.html?post_type=news.html (matches=8)
[dry-run] would rewrite: it-builder/news/index.html (matches=8)
[dry-run] would rewrite: it-builder/news/news0003465/index.html (matches=8)
[dry-run] would rewrite: it-builder/news/news0003465/index-from-root-p3465.html (matches=8)
[dry-run] would rewrite: it-builder/news/news0003409/index.html (matches=8)
[dry-run] would rewrite: it-builder/news/news0003409/index-from-root-p3409.html (matches=8)
[dry-run] would rewrite: it-builder/news/news0003604/index.html (matches=8)
[dry-run] would rewrite: it-builder/news/news0003604/index-from-root-p3604.html (matches=8)
[dry-run] would rewrite: it-builder/news/news0004074/index.html (matches=8)
[dry-run] would rewrite: it-builder/news/news0004074/index-from-root-p4074.html (matches=8)
[dry-run] would rewrite: it-builder/news/news0003497/index.html (matches=8)
[dry-run] would rewrite: it-builder/news/news0003497/index-from-root-p3497.html (matches=8)
[dry-run] would rewrite: it-builder/news/news0002452/index.html (matches=8)
[dry-run] would rewrite: it-builder/news/news0002452/index-from-root-p2452.html (matches=8)
[dry-run] would rewrite: it-builder/news/news0003978/index.html (matches=8)
[dry-run] would rewrite: it-builder/news/news0003978/index-from-root-p3978.html (matches=8)
[dry-run] would rewrite: it-builder/news/news0002462/index.html (matches=8)
[dry-run] would rewrite: it-builder/news/news0002462/index-from-root-p2462.html (matches=8)
[dry-run] would rewrite: it-builder/news/news0002465/index.html (matches=8)
[dry-run] would rewrite: it-builder/news/news0002465/index-from-root-p2465.html (matches=8)
[dry-run] would rewrite: it-builder/news/news0003588/index.html (matches=8)
[dry-run] would rewrite: it-builder/news/news0003588/index-from-root-p3588.html (matches=8)
[dry-run] would rewrite: it-builder/news/news0003379/index.html (matches=8)
[dry-run] would rewrite: it-builder/news/news0003379/index-from-root-p3379.html (matches=8)
[dry-run] would rewrite: it-builder/news/news0002436/index.html (matches=8)
[dry-run] would rewrite: it-builder/news/news0002436/index-from-root-p2436.html (matches=8)
[dry-run] would rewrite: it-builder/news/news0003535/index.html (matches=8)
[dry-run] would rewrite: it-builder/news/news0003535/index-from-root-p3535.html (matches=8)
[dry-run] would rewrite: it-builder/news/news0003337/index.html (matches=8)
[dry-run] would rewrite: it-builder/news/news0003337/index-from-root-p3337.html (matches=8)
[dry-run] would rewrite: it-builder/news/news0002440/index.html (matches=8)
[dry-run] would rewrite: it-builder/news/news0002440/index-from-root-p2440.html (matches=8)
[dry-run] would rewrite: it-builder/news/news0003566/index.html (matches=8)
[dry-run] would rewrite: it-builder/news/news0003566/index-from-root-p3566.html (matches=8)
[dry-run] would rewrite: it-builder/news/news0004327/index.html (matches=8)
[dry-run] would rewrite: it-builder/news/news0002449/index.html (matches=8)
[dry-run] would rewrite: it-builder/news/news0002449/index-from-root-p2449.html (matches=8)
[dry-run] would rewrite: it-builder/news/news0002446/index-from-root-p2446.html (matches=8)
[dry-run] would rewrite: it-builder/news/news0002446/index.html (matches=8)
[dry-run] would rewrite: it-builder/news/news0003402/index.html (matches=8)
[dry-run] would rewrite: it-builder/news/news0003402/index-from-root-p3402.html (matches=8)
[dry-run] would rewrite: it-builder/news/news0003523/index.html (matches=8)
[dry-run] would rewrite: it-builder/news/news0003523/index-from-root-p3523.html (matches=8)
[dry-run] would rewrite: it-builder/news/news0003515/index.html (matches=8)
[dry-run] would rewrite: it-builder/news/news0003515/index-from-root-p3515.html (matches=8)
[dry-run] would rewrite: it-builder/news/news0004103/index.html (matches=8)
[dry-run] would rewrite: it-builder/news/news0004103/index-from-root-p4103.html (matches=8)
[dry-run] would rewrite: it-builder/news/news0002456/index.html (matches=8)
[dry-run] would rewrite: it-builder/news/news0002456/index-from-root-p2456.html (matches=8)
[dry-run] would rewrite: it-builder/news/news0004167/index.html (matches=8)
[dry-run] would rewrite: it-builder/news/news0004167/index-from-root-p4167.html (matches=8)
[dry-run] would rewrite: it-builder/news/news0003124/index.html (matches=8)
[dry-run] would rewrite: it-builder/news/news0003124/index-from-root-p3124.html (matches=8)
[dry-run] would rewrite: it-builder/news/news0002459/index.html (matches=8)
[dry-run] would rewrite: it-builder/news/news0002459/index-from-root-p2459.html (matches=8)
[dry-run] would rewrite: it-builder/news/news0002443/index.html (matches=8)
[dry-run] would rewrite: it-builder/news/news0002443/index-from-root-p2443.html (matches=8)
[dry-run] would rewrite: it-builder/news/news0002475/index.html (matches=8)
[dry-run] would rewrite: it-builder/news/news0002475/index-from-root-p2475.html (matches=8)
[dry-run] would rewrite: it-builder/news/news0003305/index.html (matches=8)
[dry-run] would rewrite: it-builder/news/news0003305/index-from-root-p3305.html (matches=8)
[dry-run] would rewrite: it-builder/news/news0003704/index.html (matches=8)
[dry-run] would rewrite: it-builder/news/news0003704/index-from-root-p3704.html (matches=8)
[dry-run] would rewrite: it-builder/news/news0003367/index.html (matches=8)
[dry-run] would rewrite: it-builder/news/news0003367/index-from-root-p3367.html (matches=8)
[dry-run] would rewrite: it-builder/news/news0003138/index.html (matches=8)
[dry-run] would rewrite: it-builder/news/news0003138/index-from-root-p3138.html (matches=8)
[dry-run] would rewrite: it-builder/news/news0004203/index.html (matches=8)
[dry-run] would rewrite: it-builder/news/news0004203/index-from-root-p4203.html (matches=8)
[dry-run] would rewrite: it-builder/news/news0004266/index.html (matches=8)
[dry-run] would rewrite: it-builder/news/news0004266/index-from-root-p4266.html (matches=8)
[dry-run] would rewrite: it-builder/news/news0003625/index.html (matches=8)
[dry-run] would rewrite: it-builder/news/news0003625/index-from-root-p3625.html (matches=8)
[dry-run] would rewrite: it-builder/news/news0003417/index.html (matches=8)
[dry-run] would rewrite: it-builder/news/news0003417/index-from-root-p3417.html (matches=8)
[done] files_scanned=193, files_changed=82
[log] it-builder/_cleanup_logs/rewrite_encoded_refs-20251104-210349.log
