[canonical] it-builder/sitepolicy/index.html  => commented out
[canonical] it-builder/join/index.html  => commented out
[canonical] it-builder/_orphans/p-10.html  => commented out
[canonical] it-builder/_orphans/p-11.html  => commented out
[canonical] it-builder/_orphans/p-250.html  => commented out
[canonical] it-builder/_orphans/p-9.html  => commented out
[canonical] it-builder/_orphans/p-4339.html  => commented out
[canonical] it-builder/_orphans/p-621.html  => commented out
[canonical] it-builder/_orphans/p-8.html  => commented out
[canonical] it-builder/_orphans/p-194.html  => commented out
[canonical] it-builder/_orphans/p-198.html  => commented out
[canonical] it-builder/_orphans/p-195.html  => commented out
[canonical] it-builder/_orphans/p-12.html  => commented out
[canonical] it-builder/_orphans/p-193.html  => commented out
[canonical] it-builder/_orphans/p-13.html  => commented out
[canonical] it-builder/_orphans/p-330.html  => commented out
[canonical] it-builder/sitemap/index.html  => commented out
[canonical] it-builder/user/index.html  => commented out
[canonical] it-builder/user/download/index.html  => commented out
[canonical] it-builder/about/index.html  => commented out
[canonical] it-builder/about/advanced_case/index.html  => commented out
[canonical] it-builder/about/requirements/index.html  => commented out
[canonical] it-builder/about/how_to_make/index.html  => commented out
[canonical] it-builder/about/data/index.html  => commented out
[canonical] it-builder/installation/index.html  => commented out
[canonical] it-builder/installation/meisin/index.html  => commented out
[canonical] it-builder/price/index.html  => commented out
[canonical] it-builder/case/index.html  => commented out

-- unresolved --
it-builder/index.html: <a>…導入事例TOP…</a>
it-builder/index.html: <form action="/_orphans/"> (manual)
it-builder/join/index.html: <a>…01 イットbuilderを知る…</a>
it-builder/join/index.html: <a>…02 導入を検討する…</a>
it-builder/join/index.html: <a>…03 相談する・申し込む…</a>
it-builder/join/index.html: <a>…利用開始後のサポートを知る…</a>
it-builder/join/index.html: <a>…こちら…</a>
it-builder/join/index.html: <a>…登録情報の変更や、そのまま使える サンプル業務アプリのダウンロードはこちらから。…</a>
it-builder/_orphans/p-10.html: <a>…会社まるごと業務改善！…</a>
it-builder/_orphans/p-10.html: <a>…イットbuilderでできること…</a>
it-builder/_orphans/p-10.html: <a>…各部署の業務例…</a>
it-builder/_orphans/p-10.html: <a>…イットbuilderが 選ばれる理由…</a>
it-builder/_orphans/p-10.html: <a>…イットbuilderアプリ 3つの作り方…</a>
it-builder/_orphans/p-10.html: <a>…高度なアプリ作成にも イットbuilder…</a>
it-builder/_orphans/p-10.html: <a>……</a>
it-builder/_orphans/p-10.html: <a>……</a>
it-builder/_orphans/p-10.html: <a>……</a>
it-builder/_orphans/p-10.html: <a>……</a>
it-builder/_orphans/p-10.html: <a>…もっと見る…</a>
it-builder/_orphans/p-10.html: <a>……</a>
it-builder/_orphans/p-10.html: <a>……</a>
it-builder/_orphans/p-10.html: <a>……</a>
it-builder/_orphans/p-10.html: <a>……</a>
it-builder/_orphans/p-10.html: <a>……</a>
it-builder/_orphans/p-10.html: <a>……</a>
it-builder/_orphans/p-10.html: <a>……</a>
it-builder/_orphans/p-10.html: <a>…もっと見る…</a>
it-builder/_orphans/p-10.html: <a>……</a>
it-builder/_orphans/p-10.html: <a>……</a>
it-builder/_orphans/p-11.html: <a>…クラウドプラン…</a>
it-builder/_orphans/p-11.html: <a>…オプションプラン…</a>
it-builder/_orphans/p-11.html: <a>…オンプレミスプラン…</a>
it-builder/_orphans/p-11.html: <a>…こちら…</a>
it-builder/_orphans/p-9.html: <a>…01 不明点を解決する…</a>
it-builder/_orphans/p-9.html: <a>…02 活用の幅を広げる…</a>
it-builder/_orphans/p-9.html: <a>…オプションプラン…</a>
it-builder/_orphans/p-8.html: <a>…01 イットbuilderを知る…</a>
it-builder/_orphans/p-8.html: <a>…02 導入を検討する…</a>
it-builder/_orphans/p-8.html: <a>…03 相談する・申し込む…</a>
it-builder/_orphans/p-8.html: <a>…利用開始後のサポートを知る…</a>
it-builder/_orphans/p-8.html: <a>…こちら…</a>
it-builder/_orphans/p-8.html: <a>…登録情報の変更や、そのまま使える サンプル業務アプリのダウンロードはこちらから。…</a>
it-builder/_orphans/p-194.html: <a>…イットbuilderが 選ばれる理由…</a>
it-builder/_orphans/p-194.html: <a>…イットbuilderアプリ 3つの作り方…</a>
it-builder/_orphans/p-194.html: <a>…高度なアプリ作成にも イットbuilder…</a>
it-builder/_orphans/p-194.html: <a>…条件による分岐機能部品…</a>
it-builder/_orphans/p-194.html: <a>…自動入力機能…</a>
it-builder/_orphans/p-194.html: <a>…1対N形式データ表示機能…</a>
it-builder/_orphans/p-194.html: <a>…PDF出力機能…</a>
it-builder/_orphans/p-194.html: <a>…Excel出力機能…</a>
it-builder/_orphans/p-194.html: <a>…CSV出力機能…</a>
it-builder/_orphans/p-194.html: <a>…表形式データ編集機能…</a>
it-builder/_orphans/p-194.html: <a>…バッチアプリ作成機能…</a>
it-builder/_orphans/p-194.html: <a>…ドキュメント作成機能…</a>
it-builder/_orphans/p-194.html: <a>…複数ユーザーマスター作成機能…</a>
it-builder/_orphans/p-194.html: <a>…認証基盤との連携機能…</a>
it-builder/_orphans/p-194.html: <a>…JavaScript組み込み機能…</a>
it-builder/_orphans/p-194.html: <a>…他システムと連携するための外部API実行部品…</a>
it-builder/_orphans/p-194.html: <a>…他システムからイットbuilderデータベースに アクセスするAPIの提供…</a>
it-builder/_orphans/p-12.html: <a>…部門…</a>
it-builder/_orphans/p-12.html: <a>…目的…</a>
it-builder/_orphans/p-12.html: <a>…機能…</a>
it-builder/_orphans/p-12.html: <a>……</a>
it-builder/_orphans/p-12.html: <a>…絞り込みガイドに戻る…</a>
it-builder/_orphans/p-12.html: <form action="/_orphans/"> (manual)
it-builder/_orphans/p-193.html: <a>…イットbuilderが 選ばれる理由…</a>
it-builder/_orphans/p-193.html: <a>…イットbuilderアプリ 3つの作り方…</a>
it-builder/_orphans/p-193.html: <a>…高度なアプリ作成にも イットbuilder…</a>
it-builder/includes/footer.html: <a>…ご検討中のお客さま…</a>
it-builder/includes/footer.html: <a>…ご利用中のお客さま…</a>
it-builder/includes/header.html: <a>…ご検討中のお客さま…</a>
it-builder/includes/header.html: <a>…ご利用中のお客さま…</a>
it-builder/includes/header.html: <a>…ご検討中 のお客さま…</a>
it-builder/includes/header.html: <a>…ご利用中 のお客さま…</a>
it-builder/user/index.html: <a>…01 不明点を解決する…</a>
it-builder/user/index.html: <a>…02 活用の幅を広げる…</a>
it-builder/user/index.html: <a>…オプションプラン…</a>
it-builder/about/index.html: <a>…会社まるごと業務改善！…</a>
it-builder/about/index.html: <a>…イットbuilderでできること…</a>
it-builder/about/index.html: <a>…各部署の業務例…</a>
it-builder/about/index.html: <a>…イットbuilderが 選ばれる理由…</a>
it-builder/about/index.html: <a>…イットbuilderアプリ 3つの作り方…</a>
it-builder/about/index.html: <a>…高度なアプリ作成にも イットbuilder…</a>
it-builder/about/index.html: <a>……</a>
it-builder/about/index.html: <a>……</a>
it-builder/about/index.html: <a>……</a>
it-builder/about/index.html: <a>……</a>
it-builder/about/index.html: <a>…もっと見る…</a>
it-builder/about/index.html: <a>……</a>
it-builder/about/index.html: <a>……</a>
it-builder/about/index.html: <a>……</a>
it-builder/about/index.html: <a>……</a>
it-builder/about/index.html: <a>……</a>
it-builder/about/index.html: <a>……</a>
it-builder/about/index.html: <a>……</a>
it-builder/about/index.html: <a>…もっと見る…</a>
it-builder/about/index.html: <a>……</a>
it-builder/about/index.html: <a>……</a>
it-builder/about/advanced_case/index.html: <a>…イットbuilderが 選ばれる理由…</a>
it-builder/about/advanced_case/index.html: <a>…イットbuilderアプリ 3つの作り方…</a>
it-builder/about/advanced_case/index.html: <a>…高度なアプリ作成にも イットbuilder…</a>
it-builder/about/advanced_case/index.html: <a>…条件による分岐機能部品…</a>
it-builder/about/advanced_case/index.html: <a>…自動入力機能…</a>
it-builder/about/advanced_case/index.html: <a>…1対N形式データ表示機能…</a>
it-builder/about/advanced_case/index.html: <a>…PDF出力機能…</a>
it-builder/about/advanced_case/index.html: <a>…Excel出力機能…</a>
it-builder/about/advanced_case/index.html: <a>…CSV出力機能…</a>
it-builder/about/advanced_case/index.html: <a>…表形式データ編集機能…</a>
it-builder/about/advanced_case/index.html: <a>…バッチアプリ作成機能…</a>
it-builder/about/advanced_case/index.html: <a>…ドキュメント作成機能…</a>
it-builder/about/advanced_case/index.html: <a>…複数ユーザーマスター作成機能…</a>
it-builder/about/advanced_case/index.html: <a>…認証基盤との連携機能…</a>
it-builder/about/advanced_case/index.html: <a>…JavaScript組み込み機能…</a>
it-builder/about/advanced_case/index.html: <a>…他システムと連携するための外部API実行部品…</a>
it-builder/about/advanced_case/index.html: <a>…他システムからイットbuilderデータベースに アクセスするAPIの提供…</a>
it-builder/about/how_to_make/index.html: <a>…イットbuilderが 選ばれる理由…</a>
it-builder/about/how_to_make/index.html: <a>…イットbuilderアプリ 3つの作り方…</a>
it-builder/about/how_to_make/index.html: <a>…高度なアプリ作成にも イットbuilder…</a>
it-builder/price/index.html: <a>…クラウドプラン…</a>
it-builder/price/index.html: <a>…オプションプラン…</a>
it-builder/price/index.html: <a>…オンプレミスプラン…</a>
it-builder/price/index.html: <a>…こちら…</a>
it-builder/case/index.html: <a>…部門…</a>
it-builder/case/index.html: <a>…目的…</a>
it-builder/case/index.html: <a>…機能…</a>
it-builder/case/index.html: <a>……</a>
it-builder/case/index.html: <a>…絞り込みガイドに戻る…</a>
it-builder/case/index.html: <form action="/_orphans/"> (manual)
